Archive member included to satisfy reference by file (symbol)

c:/users/bence/.vscode/extensions/buzzyelectronics.stm-helper-1.3.0/armgcc/bin/../lib/gcc/arm-none-eabi/10.3.1/../../../../arm-none-eabi/lib/thumb/v7e-m+fp/hard\libc_nano.a(lib_a-exit.o)
                              c:/users/bence/.vscode/extensions/buzzyelectronics.stm-helper-1.3.0/armgcc/bin/../lib/gcc/arm-none-eabi/10.3.1/../../../../arm-none-eabi/lib/thumb/v7e-m+fp/hard/crt0.o (exit)
c:/users/bence/.vscode/extensions/buzzyelectronics.stm-helper-1.3.0/armgcc/bin/../lib/gcc/arm-none-eabi/10.3.1/../../../../arm-none-eabi/lib/thumb/v7e-m+fp/hard\libc_nano.a(lib_a-impure.o)
                              c:/users/bence/.vscode/extensions/buzzyelectronics.stm-helper-1.3.0/armgcc/bin/../lib/gcc/arm-none-eabi/10.3.1/../../../../arm-none-eabi/lib/thumb/v7e-m+fp/hard\libc_nano.a(lib_a-exit.o) (_global_impure_ptr)
c:/users/bence/.vscode/extensions/buzzyelectronics.stm-helper-1.3.0/armgcc/bin/../lib/gcc/arm-none-eabi/10.3.1/../../../../arm-none-eabi/lib/thumb/v7e-m+fp/hard\libc_nano.a(lib_a-init.o)
                              c:/users/bence/.vscode/extensions/buzzyelectronics.stm-helper-1.3.0/armgcc/bin/../lib/gcc/arm-none-eabi/10.3.1/../../../../arm-none-eabi/lib/thumb/v7e-m+fp/hard/crt0.o (__libc_init_array)
c:/users/bence/.vscode/extensions/buzzyelectronics.stm-helper-1.3.0/armgcc/bin/../lib/gcc/arm-none-eabi/10.3.1/../../../../arm-none-eabi/lib/thumb/v7e-m+fp/hard\libc_nano.a(lib_a-memset.o)
                              c:/users/bence/.vscode/extensions/buzzyelectronics.stm-helper-1.3.0/armgcc/bin/../lib/gcc/arm-none-eabi/10.3.1/../../../../arm-none-eabi/lib/thumb/v7e-m+fp/hard/crt0.o (memset)
c:/users/bence/.vscode/extensions/buzzyelectronics.stm-helper-1.3.0/armgcc/bin/../lib/gcc/arm-none-eabi/10.3.1/../../../../arm-none-eabi/lib/thumb/v7e-m+fp/hard\libnosys.a(_exit.o)
                              c:/users/bence/.vscode/extensions/buzzyelectronics.stm-helper-1.3.0/armgcc/bin/../lib/gcc/arm-none-eabi/10.3.1/../../../../arm-none-eabi/lib/thumb/v7e-m+fp/hard\libc_nano.a(lib_a-exit.o) (_exit)
./target/thumbv7em-none-eabihf/release/libCustom_HID_BaseCode.a(Custom_HID_BaseCode-1170a5e0a6379d43.Custom_HID_BaseCode.c83be7ed9d8e6f8c-cgu.0.rcgu.o)
                              build/usbd_custom_hid_if.o (get_task_from_rust)
./target/thumbv7em-none-eabihf/release/libCustom_HID_BaseCode.a(compiler_builtins-2dcd61298e9fcb4f.compiler_builtins.79ec0204f7605961-cgu.213.rcgu.o)
                              build/stm32f4xx_hal_rcc.o (__aeabi_uldivmod)
./target/thumbv7em-none-eabihf/release/libCustom_HID_BaseCode.a(compiler_builtins-2dcd61298e9fcb4f.compiler_builtins.79ec0204f7605961-cgu.142.rcgu.o)
                              ./target/thumbv7em-none-eabihf/release/libCustom_HID_BaseCode.a(compiler_builtins-2dcd61298e9fcb4f.compiler_builtins.79ec0204f7605961-cgu.213.rcgu.o) (__udivmoddi4)
./target/thumbv7em-none-eabihf/release/libCustom_HID_BaseCode.a(compiler_builtins-2dcd61298e9fcb4f.compiler_builtins.79ec0204f7605961-cgu.007.rcgu.o)
                              ./target/thumbv7em-none-eabihf/release/libCustom_HID_BaseCode.a(compiler_builtins-2dcd61298e9fcb4f.compiler_builtins.79ec0204f7605961-cgu.142.rcgu.o) (compiler_builtins::int::specialized_div_rem::u64_div_rem)

Discarded input sections

 .text          0x00000000        0x0 c:/users/bence/.vscode/extensions/buzzyelectronics.stm-helper-1.3.0/armgcc/bin/../lib/gcc/arm-none-eabi/10.3.1/thumb/v7e-m+fp/hard/crti.o
 .data          0x00000000        0x0 c:/users/bence/.vscode/extensions/buzzyelectronics.stm-helper-1.3.0/armgcc/bin/../lib/gcc/arm-none-eabi/10.3.1/thumb/v7e-m+fp/hard/crti.o
 .bss           0x00000000        0x0 c:/users/bence/.vscode/extensions/buzzyelectronics.stm-helper-1.3.0/armgcc/bin/../lib/gcc/arm-none-eabi/10.3.1/thumb/v7e-m+fp/hard/crti.o
 .data          0x00000000        0x4 c:/users/bence/.vscode/extensions/buzzyelectronics.stm-helper-1.3.0/armgcc/bin/../lib/gcc/arm-none-eabi/10.3.1/thumb/v7e-m+fp/hard/crtbegin.o
 .rodata        0x00000000       0x24 c:/users/bence/.vscode/extensions/buzzyelectronics.stm-helper-1.3.0/armgcc/bin/../lib/gcc/arm-none-eabi/10.3.1/thumb/v7e-m+fp/hard/crtbegin.o
 .text          0x00000000       0x7c c:/users/bence/.vscode/extensions/buzzyelectronics.stm-helper-1.3.0/armgcc/bin/../lib/gcc/arm-none-eabi/10.3.1/../../../../arm-none-eabi/lib/thumb/v7e-m+fp/hard/crt0.o
 .data          0x00000000        0x0 c:/users/bence/.vscode/extensions/buzzyelectronics.stm-helper-1.3.0/armgcc/bin/../lib/gcc/arm-none-eabi/10.3.1/../../../../arm-none-eabi/lib/thumb/v7e-m+fp/hard/crt0.o
 .bss           0x00000000        0x0 c:/users/bence/.vscode/extensions/buzzyelectronics.stm-helper-1.3.0/armgcc/bin/../lib/gcc/arm-none-eabi/10.3.1/../../../../arm-none-eabi/lib/thumb/v7e-m+fp/hard/crt0.o
[...]
Memory Configuration

Name             Origin             Length             Attributes
RAM              0x20000000         0x00040000         xrw
FLASH            0x08000000         0x00100000         xr
*default*        0x00000000         0xffffffff

Linker script and memory map

LOAD c:/users/bence/.vscode/extensions/buzzyelectronics.stm-helper-1.3.0/armgcc/bin/../lib/gcc/arm-none-eabi/10.3.1/thumb/v7e-m+fp/hard/crti.o
LOAD c:/users/bence/.vscode/extensions/buzzyelectronics.stm-helper-1.3.0/armgcc/bin/../lib/gcc/arm-none-eabi/10.3.1/thumb/v7e-m+fp/hard/crtbegin.o
LOAD c:/users/bence/.vscode/extensions/buzzyelectronics.stm-helper-1.3.0/armgcc/bin/../lib/gcc/arm-none-eabi/10.3.1/../../../../arm-none-eabi/lib/thumb/v7e-m+fp/hard/crt0.o
LOAD build/main.o
LOAD build/stm32f4xx_it.o
LOAD build/stm32f4xx_hal_msp.o
LOAD build/usb_device.o
LOAD build/usbd_desc.o
LOAD build/usbd_custom_hid_if.o
LOAD build/usbd_conf.o
LOAD build/stm32f4xx_hal_pcd.o
LOAD build/stm32f4xx_hal_pcd_ex.o
LOAD build/stm32f4xx_ll_usb.o
LOAD build/stm32f4xx_hal_rcc.o
LOAD build/stm32f4xx_hal_rcc_ex.o
LOAD build/stm32f4xx_hal_flash.o
LOAD build/stm32f4xx_hal_flash_ex.o
LOAD build/stm32f4xx_hal_flash_ramfunc.o
LOAD build/stm32f4xx_hal_gpio.o
LOAD build/stm32f4xx_hal_dma_ex.o
LOAD build/stm32f4xx_hal_dma.o
LOAD build/stm32f4xx_hal_pwr.o
LOAD build/stm32f4xx_hal_pwr_ex.o
LOAD build/stm32f4xx_hal_cortex.o
LOAD build/stm32f4xx_hal.o
LOAD build/stm32f4xx_hal_exti.o
LOAD build/stm32f4xx_hal_tim.o
LOAD build/stm32f4xx_hal_tim_ex.o
LOAD build/system_stm32f4xx.o
LOAD build/usbd_core.o
LOAD build/usbd_ctlreq.o
LOAD build/usbd_ioreq.o
LOAD build/usbd_customhid.o
LOAD build/dataprovider.o
LOAD build/startup_stm32f412zx.o
LOAD c:/users/bence/.vscode/extensions/buzzyelectronics.stm-helper-1.3.0/armgcc/bin/../lib/gcc/arm-none-eabi/10.3.1/../../../../arm-none-eabi/lib/thumb/v7e-m+fp/hard\libc_nano.a
LOAD c:/users/bence/.vscode/extensions/buzzyelectronics.stm-helper-1.3.0/armgcc/bin/../lib/gcc/arm-none-eabi/10.3.1/../../../../arm-none-eabi/lib/thumb/v7e-m+fp/hard\libm.a
LOAD c:/users/bence/.vscode/extensions/buzzyelectronics.stm-helper-1.3.0/armgcc/bin/../lib/gcc/arm-none-eabi/10.3.1/../../../../arm-none-eabi/lib/thumb/v7e-m+fp/hard\libnosys.a
LOAD ./target/thumbv7em-none-eabihf/release/libCustom_HID_BaseCode.a
START GROUP
LOAD c:/users/bence/.vscode/extensions/buzzyelectronics.stm-helper-1.3.0/armgcc/bin/../lib/gcc/arm-none-eabi/10.3.1/thumb/v7e-m+fp/hard\libgcc.a
LOAD c:/users/bence/.vscode/extensions/buzzyelectronics.stm-helper-1.3.0/armgcc/bin/../lib/gcc/arm-none-eabi/10.3.1/../../../../arm-none-eabi/lib/thumb/v7e-m+fp/hard\libc_nano.a
END GROUP
START GROUP
LOAD c:/users/bence/.vscode/extensions/buzzyelectronics.stm-helper-1.3.0/armgcc/bin/../lib/gcc/arm-none-eabi/10.3.1/thumb/v7e-m+fp/hard\libgcc.a
LOAD c:/users/bence/.vscode/extensions/buzzyelectronics.stm-helper-1.3.0/armgcc/bin/../lib/gcc/arm-none-eabi/10.3.1/../../../../arm-none-eabi/lib/thumb/v7e-m+fp/hard\libc_nano.a
END GROUP
LOAD c:/users/bence/.vscode/extensions/buzzyelectronics.stm-helper-1.3.0/armgcc/bin/../lib/gcc/arm-none-eabi/10.3.1/thumb/v7e-m+fp/hard/crtend.o
LOAD c:/users/bence/.vscode/extensions/buzzyelectronics.stm-helper-1.3.0/armgcc/bin/../lib/gcc/arm-none-eabi/10.3.1/thumb/v7e-m+fp/hard/crtn.o
                0x20040000                _estack = (ORIGIN (RAM) + LENGTH (RAM))
                0x00000200                _Min_Heap_Size = 0x200
                0x00000400                _Min_Stack_Size = 0x400

.isr_vector     0x08000000      0x1c4
                0x08000000                . = ALIGN (0x4)
 *(.isr_vector)
 .isr_vector    0x08000000      0x1c4 build/startup_stm32f412zx.o
                0x08000000                g_pfnVectors
                0x080001c4                . = ALIGN (0x4)

.text           0x080001c4     0x4480
                0x080001c4                . = ALIGN (0x4)
 *(.text)
 .text          0x080001c4       0x40 c:/users/bence/.vscode/extensions/buzzyelectronics.stm-helper-1.3.0/armgcc/bin/../lib/gcc/arm-none-eabi/10.3.1/thumb/v7e-m+fp/hard/crtbegin.o
 *(.text*)
 .text.MX_GPIO_Init
                0x08000204       0xa8 build/main.o
 .text.Error_Handler
                0x080002ac        0x4 build/main.o
                0x080002ac                Error_Handler
 .text.SystemClock_Config
                0x080002b0       0xa8 build/main.o
                0x080002b0                SystemClock_Config
 .text.main     0x08000358      0x104 build/main.o
                0x08000358                main
 .text.NMI_Handler
                0x0800045c        0x2 build/stm32f4xx_it.o
                0x0800045c                NMI_Handler
 .text.HardFault_Handler
                0x0800045e        0x2 build/stm32f4xx_it.o
                0x0800045e                HardFault_Handler
 .text.MemManage_Handler
                0x08000460        0x2 build/stm32f4xx_it.o
                0x08000460                MemManage_Handler
 .text.BusFault_Handler
                0x08000462        0x2 build/stm32f4xx_it.o
                0x08000462                BusFault_Handler
 .text.UsageFault_Handler
                0x08000464        0x2 build/stm32f4xx_it.o
                0x08000464                UsageFault_Handler
 .text.SVC_Handler
                0x08000466        0x2 build/stm32f4xx_it.o
                0x08000466                SVC_Handler
 .text.DebugMon_Handler
                0x08000468        0x2 build/stm32f4xx_it.o
                0x08000468                DebugMon_Handler
 .text.PendSV_Handler
                0x0800046a        0x2 build/stm32f4xx_it.o
                0x0800046a                PendSV_Handler
 .text.SysTick_Handler
                0x0800046c        0x8 build/stm32f4xx_it.o
                0x0800046c                SysTick_Handler
 .text.OTG_FS_IRQHandler
                0x08000474       0x10 build/stm32f4xx_it.o
                0x08000474                OTG_FS_IRQHandler
 .text.HAL_MspInit
                0x08000484       0x38 build/stm32f4xx_hal_msp.o
                0x08000484                HAL_MspInit
 .text.MX_USB_DEVICE_Init
                0x080004bc       0x54 build/usb_device.o
                0x080004bc                MX_USB_DEVICE_Init
 .text.USBD_FS_DeviceDescriptor
                0x08000510        0xc build/usbd_desc.o
                0x08000510                USBD_FS_DeviceDescriptor
 .text.USBD_FS_LangIDStrDescriptor
                0x0800051c        0xc build/usbd_desc.o
                0x0800051c                USBD_FS_LangIDStrDescriptor
 .text.USBD_FS_USR_BOSDescriptor
                0x08000528        0xc build/usbd_desc.o
                0x08000528                USBD_FS_USR_BOSDescriptor
 .text.IntToUnicode
                0x08000534       0x46 build/usbd_desc.o
 *fill*         0x0800057a        0x2 
 .text.Get_SerialNum
                0x0800057c       0x38 build/usbd_desc.o
 .text.USBD_FS_SerialStrDescriptor
                0x080005b4       0x14 build/usbd_desc.o
                0x080005b4                USBD_FS_SerialStrDescriptor
 .text.USBD_FS_ProductStrDescriptor
                0x080005c8       0x24 build/usbd_desc.o
                0x080005c8                USBD_FS_ProductStrDescriptor
 .text.USBD_FS_ManufacturerStrDescriptor
                0x080005ec       0x1c build/usbd_desc.o
                0x080005ec                USBD_FS_ManufacturerStrDescriptor
 .text.USBD_FS_ConfigStrDescriptor
                0x08000608       0x24 build/usbd_desc.o
                0x08000608                USBD_FS_ConfigStrDescriptor
 .text.USBD_FS_InterfaceStrDescriptor
                0x0800062c       0x24 build/usbd_desc.o
                0x0800062c                USBD_FS_InterfaceStrDescriptor
 .text.CUSTOM_HID_Init_FS
                0x08000650        0x4 build/usbd_custom_hid_if.o
 .text.CUSTOM_HID_DeInit_FS
                0x08000654        0x4 build/usbd_custom_hid_if.o
 .text.CUSTOM_HID_OutEvent_FS
                0x08000658      0x100 build/usbd_custom_hid_if.o
 .text.HAL_PCD_MspInit
                0x08000758       0xa4 build/usbd_conf.o
                0x08000758                HAL_PCD_MspInit
 .text.HAL_PCD_SetupStageCallback
                0x080007fc       0x10 build/usbd_conf.o
                0x080007fc                HAL_PCD_SetupStageCallback
 .text.HAL_PCD_DataOutStageCallback
                0x0800080c       0x18 build/usbd_conf.o
                0x0800080c                HAL_PCD_DataOutStageCallback
 .text.HAL_PCD_DataInStageCallback
                0x08000824       0x16 build/usbd_conf.o
                0x08000824                HAL_PCD_DataInStageCallback
 .text.HAL_PCD_SOFCallback
                0x0800083a        0xc build/usbd_conf.o
                0x0800083a                HAL_PCD_SOFCallback
 .text.HAL_PCD_ResetCallback
                0x08000846       0x24 build/usbd_conf.o
                0x08000846                HAL_PCD_ResetCallback
 *fill*         0x0800086a        0x2 
 .text.HAL_PCD_SuspendCallback
                0x0800086c       0x30 build/usbd_conf.o
                0x0800086c                HAL_PCD_SuspendCallback
 .text.HAL_PCD_ResumeCallback
                0x0800089c        0xc build/usbd_conf.o
                0x0800089c                HAL_PCD_ResumeCallback
 .text.HAL_PCD_ISOOUTIncompleteCallback
                0x080008a8        0xc build/usbd_conf.o
                0x080008a8                HAL_PCD_ISOOUTIncompleteCallback
 .text.HAL_PCD_ISOINIncompleteCallback
                0x080008b4        0xc build/usbd_conf.o
                0x080008b4                HAL_PCD_ISOINIncompleteCallback
 .text.HAL_PCD_ConnectCallback
                0x080008c0        0xc build/usbd_conf.o
                0x080008c0                HAL_PCD_ConnectCallback
 .text.HAL_PCD_DisconnectCallback
                0x080008cc        0xc build/usbd_conf.o
                0x080008cc                HAL_PCD_DisconnectCallback
 .text.USBD_LL_Init
                0x080008d8       0x68 build/usbd_conf.o
                0x080008d8                USBD_LL_Init
 .text.USBD_LL_IsStallEP
                0x08000940       0x2e build/usbd_conf.o
                0x08000940                USBD_LL_IsStallEP
 *fill*         0x0800096e        0x2 
 .text.HAL_PCDEx_LPM_Callback
                0x08000970       0x64 build/usbd_conf.o
                0x08000970                HAL_PCDEx_LPM_Callback
 .text.USBD_static_malloc
                0x080009d4        0x8 build/usbd_conf.o
                0x080009d4                USBD_static_malloc
 .text.USBD_static_free
                0x080009dc        0x2 build/usbd_conf.o
                0x080009dc                USBD_static_free
 .text.USBD_Get_USB_Status
                0x080009de       0x14 build/usbd_conf.o
                0x080009de                USBD_Get_USB_Status
 .text.USBD_LL_Start
                0x080009f2       0x10 build/usbd_conf.o
                0x080009f2                USBD_LL_Start
 .text.USBD_LL_OpenEP
                0x08000a02       0x16 build/usbd_conf.o
                0x08000a02                USBD_LL_OpenEP
 .text.USBD_LL_CloseEP
                0x08000a18       0x10 build/usbd_conf.o
                0x08000a18                USBD_LL_CloseEP
 .text.USBD_LL_StallEP
                0x08000a28       0x10 build/usbd_conf.o
                0x08000a28                USBD_LL_StallEP
 .text.USBD_LL_ClearStallEP
                0x08000a38       0x10 build/usbd_conf.o
                0x08000a38                USBD_LL_ClearStallEP
 .text.USBD_LL_SetUSBAddress
                0x08000a48       0x10 build/usbd_conf.o
                0x08000a48                USBD_LL_SetUSBAddress
 .text.USBD_LL_Transmit
                0x08000a58       0x10 build/usbd_conf.o
                0x08000a58                USBD_LL_Transmit
 .text.USBD_LL_PrepareReceive
                0x08000a68       0x10 build/usbd_conf.o
                0x08000a68                USBD_LL_PrepareReceive
 .text.PCD_WriteEmptyTxFifo
                0x08000a78       0xd0 build/stm32f4xx_hal_pcd.o
 .text.HAL_PCD_Init
                0x08000b48      0x13c build/stm32f4xx_hal_pcd.o
                0x08000b48                HAL_PCD_Init
 .text.HAL_PCD_Start
                0x08000c84       0x42 build/stm32f4xx_hal_pcd.o
                0x08000c84                HAL_PCD_Start
 *fill*         0x08000cc6        0x2 
 .text.PCD_EP_OutXfrComplete_int
                0x08000cc8      0x104 build/stm32f4xx_hal_pcd.o
 .text.PCD_EP_OutSetupPacket_int
                0x08000dcc       0x50 build/stm32f4xx_hal_pcd.o
 .text.HAL_PCD_SetAddress
                0x08000e1c       0x28 build/stm32f4xx_hal_pcd.o
                0x08000e1c                HAL_PCD_SetAddress
 .text.HAL_PCD_EP_Open
                0x08000e44       0x8a build/stm32f4xx_hal_pcd.o
                0x08000e44                HAL_PCD_EP_Open
 .text.HAL_PCD_EP_Close
                0x08000ece       0x72 build/stm32f4xx_hal_pcd.o
                0x08000ece                HAL_PCD_EP_Close
 .text.HAL_PCD_EP_Receive
                0x08000f40       0x5e build/stm32f4xx_hal_pcd.o
                0x08000f40                HAL_PCD_EP_Receive
 .text.HAL_PCD_EP_Transmit
                0x08000f9e       0x5e build/stm32f4xx_hal_pcd.o
                0x08000f9e                HAL_PCD_EP_Transmit
 .text.HAL_PCD_EP_SetStall
                0x08000ffc       0x88 build/stm32f4xx_hal_pcd.o
                0x08000ffc                HAL_PCD_EP_SetStall
 .text.HAL_PCD_EP_ClrStall
                0x08001084       0x76 build/stm32f4xx_hal_pcd.o
                0x08001084                HAL_PCD_EP_ClrStall
 .text.HAL_PCD_EP_Abort
                0x080010fa       0x34 build/stm32f4xx_hal_pcd.o
                0x080010fa                HAL_PCD_EP_Abort
 .text.HAL_PCD_IRQHandler
                0x0800112e      0x608 build/stm32f4xx_hal_pcd.o
                0x0800112e                HAL_PCD_IRQHandler
 .text.HAL_PCDEx_SetTxFiFo
                0x08001736       0x4c build/stm32f4xx_hal_pcd_ex.o
                0x08001736                HAL_PCDEx_SetTxFiFo
 .text.HAL_PCDEx_SetRxFiFo
                0x08001782        0x8 build/stm32f4xx_hal_pcd_ex.o
                0x08001782                HAL_PCDEx_SetRxFiFo
 .text.HAL_PCDEx_ActivateLPM
                0x0800178a       0x26 build/stm32f4xx_hal_pcd_ex.o
                0x0800178a                HAL_PCDEx_ActivateLPM
 .text.USB_CoreReset
                0x080017b0       0x50 build/stm32f4xx_ll_usb.o
 .text.USB_CoreInit
                0x08001800       0x8a build/stm32f4xx_ll_usb.o
                0x08001800                USB_CoreInit
 *fill*         0x0800188a        0x2 
 .text.USB_SetTurnaroundTime
                0x0800188c       0xe4 build/stm32f4xx_ll_usb.o
                0x0800188c                USB_SetTurnaroundTime
 .text.USB_EnableGlobalInt
                0x08001970        0xc build/stm32f4xx_ll_usb.o
                0x08001970                USB_EnableGlobalInt
 .text.USB_DisableGlobalInt
                0x0800197c        0xc build/stm32f4xx_ll_usb.o
                0x0800197c                USB_DisableGlobalInt
 .text.USB_FlushTxFifo
                0x08001988       0x50 build/stm32f4xx_ll_usb.o
                0x08001988                USB_FlushTxFifo
 .text.USB_FlushRxFifo
                0x080019d8       0x4c build/stm32f4xx_ll_usb.o
                0x080019d8                USB_FlushRxFifo
 .text.USB_SetDevSpeed
                0x08001a24        0xe build/stm32f4xx_ll_usb.o
                0x08001a24                USB_SetDevSpeed
 *fill*         0x08001a32        0x2 
 .text.USB_DevInit
                0x08001a34      0x188 build/stm32f4xx_ll_usb.o
                0x08001a34                USB_DevInit
 .text.USB_GetDevSpeed
                0x08001bbc       0x22 build/stm32f4xx_ll_usb.o
                0x08001bbc                USB_GetDevSpeed
 .text.USB_ActivateEndpoint
                0x08001bde       0x9c build/stm32f4xx_ll_usb.o
                0x08001bde                USB_ActivateEndpoint
 *fill*         0x08001c7a        0x2 
 .text.USB_DeactivateEndpoint
                0x08001c7c       0xe0 build/stm32f4xx_ll_usb.o
                0x08001c7c                USB_DeactivateEndpoint
 .text.USB_EP0StartXfer
                0x08001d5c      0x124 build/stm32f4xx_ll_usb.o
                0x08001d5c                USB_EP0StartXfer
 .text.USB_EPStopXfer
                0x08001e80       0xbe build/stm32f4xx_ll_usb.o
                0x08001e80                USB_EPStopXfer
 .text.USB_WritePacket
                0x08001f3e       0x2e build/stm32f4xx_ll_usb.o
                0x08001f3e                USB_WritePacket
 .text.USB_EPStartXfer
                0x08001f6c      0x234 build/stm32f4xx_ll_usb.o
                0x08001f6c                USB_EPStartXfer
 .text.USB_ReadPacket
                0x080021a0       0x54 build/stm32f4xx_ll_usb.o
                0x080021a0                USB_ReadPacket
 .text.USB_EPSetStall
                0x080021f4       0x5a build/stm32f4xx_ll_usb.o
                0x080021f4                USB_EPSetStall
 .text.USB_EPClearStall
                0x0800224e       0x5c build/stm32f4xx_ll_usb.o
                0x0800224e                USB_EPClearStall
 .text.USB_SetDevAddress
                0x080022aa       0x20 build/stm32f4xx_ll_usb.o
                0x080022aa                USB_SetDevAddress
 .text.USB_DevConnect
                0x080022ca       0x1c build/stm32f4xx_ll_usb.o
                0x080022ca                USB_DevConnect
 .text.USB_DevDisconnect
                0x080022e6       0x1c build/stm32f4xx_ll_usb.o
                0x080022e6                USB_DevDisconnect
 .text.USB_ReadInterrupts
                0x08002302        0x8 build/stm32f4xx_ll_usb.o
                0x08002302                USB_ReadInterrupts
 .text.USB_ReadDevAllOutEpInterrupt
                0x0800230a       0x10 build/stm32f4xx_ll_usb.o
                0x0800230a                USB_ReadDevAllOutEpInterrupt
 .text.USB_ReadDevAllInEpInterrupt
                0x0800231a       0x10 build/stm32f4xx_ll_usb.o
                0x0800231a                USB_ReadDevAllInEpInterrupt
 .text.USB_ReadDevOutEPInterrupt
                0x0800232a       0x12 build/stm32f4xx_ll_usb.o
                0x0800232a                USB_ReadDevOutEPInterrupt
 .text.USB_ReadDevInEPInterrupt
                0x0800233c       0x28 build/stm32f4xx_ll_usb.o
                0x0800233c                USB_ReadDevInEPInterrupt
 .text.USB_GetMode
                0x08002364        0x8 build/stm32f4xx_ll_usb.o
                0x08002364                USB_GetMode
 .text.USB_SetCurrentMode
                0x0800236c       0x62 build/stm32f4xx_ll_usb.o
                0x0800236c                USB_SetCurrentMode
 .text.USB_ActivateSetup
                0x080023ce       0x20 build/stm32f4xx_ll_usb.o
                0x080023ce                USB_ActivateSetup
 *fill*         0x080023ee        0x2 
 .text.USB_EP0_OutStart
                0x080023f0       0x60 build/stm32f4xx_ll_usb.o
                0x080023f0                USB_EP0_OutStart
 .text.HAL_RCC_GetSysClockFreq
                0x08002450       0xd4 build/stm32f4xx_hal_rcc.o
                0x08002450                HAL_RCC_GetSysClockFreq
 .text.HAL_RCC_ClockConfig
                0x08002524      0x160 build/stm32f4xx_hal_rcc.o
                0x08002524                HAL_RCC_ClockConfig
 .text.HAL_RCC_GetHCLKFreq
                0x08002684        0xc build/stm32f4xx_hal_rcc.o
                0x08002684                HAL_RCC_GetHCLKFreq
 .text.HAL_RCCEx_PeriphCLKConfig
                0x08002690      0x2b8 build/stm32f4xx_hal_rcc_ex.o
                0x08002690                HAL_RCCEx_PeriphCLKConfig
 .text.HAL_RCC_OscConfig
                0x08002948      0x410 build/stm32f4xx_hal_rcc_ex.o
                0x08002948                HAL_RCC_OscConfig
 .text.HAL_GPIO_Init
                0x08002d58      0x1d8 build/stm32f4xx_hal_gpio.o
                0x08002d58                HAL_GPIO_Init
 .text.HAL_GPIO_ReadPin
                0x08002f30        0xe build/stm32f4xx_hal_gpio.o
                0x08002f30                HAL_GPIO_ReadPin
 .text.HAL_GPIO_WritePin
                0x08002f3e        0xc build/stm32f4xx_hal_gpio.o
                0x08002f3e                HAL_GPIO_WritePin
 .text.HAL_GPIO_TogglePin
                0x08002f4a       0x12 build/stm32f4xx_hal_gpio.o
                0x08002f4a                HAL_GPIO_TogglePin
 .text.HAL_NVIC_SetPriorityGrouping
                0x08002f5c       0x24 build/stm32f4xx_hal_cortex.o
                0x08002f5c                HAL_NVIC_SetPriorityGrouping
 .text.HAL_NVIC_SetPriority
                0x08002f80       0x70 build/stm32f4xx_hal_cortex.o
                0x08002f80                HAL_NVIC_SetPriority
 .text.HAL_NVIC_EnableIRQ
                0x08002ff0       0x1c build/stm32f4xx_hal_cortex.o
                0x08002ff0                HAL_NVIC_EnableIRQ
 .text.HAL_SYSTICK_Config
                0x0800300c       0x28 build/stm32f4xx_hal_cortex.o
                0x0800300c                HAL_SYSTICK_Config
 .text.HAL_InitTick
                0x08003034       0x4c build/stm32f4xx_hal.o
                0x08003034                HAL_InitTick
 .text.HAL_Init
                0x08003080       0x34 build/stm32f4xx_hal.o
                0x08003080                HAL_Init
 .text.HAL_IncTick
                0x080030b4       0x18 build/stm32f4xx_hal.o
                0x080030b4                HAL_IncTick
 .text.HAL_GetTick
                0x080030cc        0xc build/stm32f4xx_hal.o
                0x080030cc                HAL_GetTick
 .text.HAL_Delay
                0x080030d8       0x28 build/stm32f4xx_hal.o
                0x080030d8                HAL_Delay
 .text.SystemInit
                0x08003100       0x14 build/system_stm32f4xx.o
                0x08003100                SystemInit
 .text.USBD_Init
                0x08003114       0x2e build/usbd_core.o
                0x08003114                USBD_Init
 .text.USBD_RegisterClass
                0x08003142       0x34 build/usbd_core.o
                0x08003142                USBD_RegisterClass
 .text.USBD_Start
                0x08003176        0x8 build/usbd_core.o
                0x08003176                USBD_Start
 .text.USBD_SetClassConfig
                0x0800317e       0x12 build/usbd_core.o
                0x0800317e                USBD_SetClassConfig
 .text.USBD_ClrClassConfig
                0x08003190       0x12 build/usbd_core.o
                0x08003190                USBD_ClrClassConfig
 .text.USBD_LL_SetupStage
                0x080031a2       0x58 build/usbd_core.o
                0x080031a2                USBD_LL_SetupStage
 .text.USBD_LL_Reset
                0x080031fa       0x64 build/usbd_core.o
                0x080031fa                USBD_LL_Reset
 .text.USBD_LL_SetSpeed
                0x0800325e        0x6 build/usbd_core.o
                0x0800325e                USBD_LL_SetSpeed
 .text.USBD_LL_Suspend
                0x08003264       0x14 build/usbd_core.o
                0x08003264                USBD_LL_Suspend
 .text.USBD_LL_Resume
                0x08003278       0x1a build/usbd_core.o
                0x08003278                USBD_LL_Resume
 .text.USBD_LL_SOF
                0x08003292       0x22 build/usbd_core.o
                0x08003292                USBD_LL_SOF
 .text.USBD_LL_IsoINIncomplete
                0x080032b4       0x2e build/usbd_core.o
                0x080032b4                USBD_LL_IsoINIncomplete
 .text.USBD_LL_IsoOUTIncomplete
                0x080032e2       0x2e build/usbd_core.o
                0x080032e2                USBD_LL_IsoOUTIncomplete
 .text.USBD_LL_DevConnected
                0x08003310        0x4 build/usbd_core.o
                0x08003310                USBD_LL_DevConnected
 .text.USBD_LL_DevDisconnected
                0x08003314       0x20 build/usbd_core.o
                0x08003314                USBD_LL_DevDisconnected
 .text.USBD_CoreFindIF
                0x08003334        0x4 build/usbd_core.o
                0x08003334                USBD_CoreFindIF
 .text.USBD_CoreFindEP
                0x08003338        0x4 build/usbd_core.o
                0x08003338                USBD_CoreFindEP
 .text.USBD_LL_DataOutStage
                0x0800333c       0xc6 build/usbd_core.o
                0x0800333c                USBD_LL_DataOutStage
 .text.USBD_LL_DataInStage
                0x08003402       0xd6 build/usbd_core.o
                0x08003402                USBD_LL_DataInStage
 .text.USBD_GetNextDesc
                0x080034d8        0xe build/usbd_core.o
                0x080034d8                USBD_GetNextDesc
 .text.USBD_GetEpDesc
                0x080034e6       0x3e build/usbd_core.o
                0x080034e6                USBD_GetEpDesc
 .text.USBD_GetLen
                0x08003524       0x14 build/usbd_ctlreq.o
 .text.USBD_ParseSetupRequest
                0x08003538       0x28 build/usbd_ctlreq.o
                0x08003538                USBD_ParseSetupRequest
 .text.USBD_CtlError
                0x08003560       0x14 build/usbd_ctlreq.o
                0x08003560                USBD_CtlError
 .text.USBD_GetDescriptor
                0x08003574      0x1ac build/usbd_ctlreq.o
 .text.USBD_SetAddress
                0x08003720       0x50 build/usbd_ctlreq.o
 .text.USBD_SetConfig
                0x08003770       0xcc build/usbd_ctlreq.o
 .text.USBD_GetConfig
                0x0800383c       0x40 build/usbd_ctlreq.o
 .text.USBD_GetStatus
                0x0800387c       0x38 build/usbd_ctlreq.o
 .text.USBD_SetFeature
                0x080038b4       0x2a build/usbd_ctlreq.o
 .text.USBD_ClrFeature
                0x080038de       0x26 build/usbd_ctlreq.o
 .text.USBD_StdDevReq
                0x08003904       0x76 build/usbd_ctlreq.o
                0x08003904                USBD_StdDevReq
 .text.USBD_StdItfReq
                0x0800397a       0x84 build/usbd_ctlreq.o
                0x0800397a                USBD_StdItfReq
 .text.USBD_StdEPReq
                0x080039fe      0x230 build/usbd_ctlreq.o
                0x080039fe                USBD_StdEPReq
 .text.USBD_GetString
                0x08003c2e       0x3a build/usbd_ctlreq.o
                0x08003c2e                USBD_GetString
 .text.USBD_CtlSendData
                0x08003c68       0x1a build/usbd_ioreq.o
                0x08003c68                USBD_CtlSendData
 .text.USBD_CtlContinueSendData
                0x08003c82       0x10 build/usbd_ioreq.o
                0x08003c82                USBD_CtlContinueSendData
 .text.USBD_CtlPrepareRx
                0x08003c92       0x1e build/usbd_ioreq.o
                0x08003c92                USBD_CtlPrepareRx
 .text.USBD_CtlContinueRx
                0x08003cb0       0x10 build/usbd_ioreq.o
                0x08003cb0                USBD_CtlContinueRx
 .text.USBD_CtlSendStatus
                0x08003cc0       0x16 build/usbd_ioreq.o
                0x08003cc0                USBD_CtlSendStatus
 .text.USBD_CtlReceiveStatus
                0x08003cd6       0x16 build/usbd_ioreq.o
                0x08003cd6                USBD_CtlReceiveStatus
 .text.USBD_CUSTOM_HID_DataIn
                0x08003cec       0x12 build/usbd_customhid.o
 .text.USBD_CUSTOM_HID_DataOut
                0x08003cfe       0x24 build/usbd_customhid.o
 .text.USBD_CUSTOM_HID_EP0_RxReady
                0x08003d22       0x32 build/usbd_customhid.o
 .text.USBD_CUSTOM_HID_GetDeviceQualifierDesc
                0x08003d54        0xc build/usbd_customhid.o
 .text.USBD_CUSTOM_HID_GetOtherSpeedCfgDesc
                0x08003d60       0x40 build/usbd_customhid.o
 .text.USBD_CUSTOM_HID_GetFSCfgDesc
                0x08003da0       0x40 build/usbd_customhid.o
 .text.USBD_CUSTOM_HID_GetHSCfgDesc
                0x08003de0       0x40 build/usbd_customhid.o
 .text.USBD_CUSTOM_HID_Setup
                0x08003e20      0x14c build/usbd_customhid.o
 .text.USBD_CUSTOM_HID_DeInit
                0x08003f6c       0x5a build/usbd_customhid.o
 .text.USBD_CUSTOM_HID_Init
                0x08003fc6       0x88 build/usbd_customhid.o
 .text.USBD_CUSTOM_HID_SendReport
                0x0800404e       0x46 build/usbd_customhid.o
                0x0800404e                USBD_CUSTOM_HID_SendReport
 .text.USBD_CUSTOM_HID_ReceivePacket
                0x08004094       0x1e build/usbd_customhid.o
                0x08004094                USBD_CUSTOM_HID_ReceivePacket
 .text.USBD_CUSTOM_HID_RegisterInterface
                0x080040b2       0x16 build/usbd_customhid.o
                0x080040b2                USBD_CUSTOM_HID_RegisterInterface
 .text.getDataprovider
                0x080040c8        0x8 build/dataprovider.o
                0x080040c8                getDataprovider
 .text.initDataprovider
                0x080040d0       0x18 build/dataprovider.o
                0x080040d0                initDataprovider
 .text.getLDs   0x080040e8        0xa build/dataprovider.o
                0x080040e8                getLDs
 .text.setLDs   0x080040f2        0xc build/dataprovider.o
                0x080040f2                setLDs
 .text.getLED_Green_speed
                0x080040fe        0xa build/dataprovider.o
                0x080040fe                getLED_Green_speed
 .text.setLED_Green_speed
                0x08004108        0xc build/dataprovider.o
                0x08004108                setLED_Green_speed
 .text.getLED_Blue_isActive
                0x08004114        0xa build/dataprovider.o
                0x08004114                getLED_Blue_isActive
 .text.getLED_Blue_currentState
                0x0800411e        0xa build/dataprovider.o
                0x0800411e                getLED_Blue_currentState
 .text.setLED_Blue_currentState
                0x08004128        0xc build/dataprovider.o
                0x08004128                setLED_Blue_currentState
 .text.getLED_Red_isActive
                0x08004134        0xa build/dataprovider.o
                0x08004134                getLED_Red_isActive
 .text.getLED_Red_currentState
                0x0800413e        0xa build/dataprovider.o
                0x0800413e                getLED_Red_currentState
 .text.setLED_Red_currentState
                0x08004148        0xc build/dataprovider.o
                0x08004148                setLED_Red_currentState
 .text.Reset_Handler
                0x08004154       0x50 build/startup_stm32f412zx.o
                0x08004154                Reset_Handler
 .text.Default_Handler
                0x080041a4        0x2 build/startup_stm32f412zx.o
                0x080041a4                RTC_Alarm_IRQHandler
                0x080041a4                EXTI2_IRQHandler
                0x080041a4                TIM8_CC_IRQHandler
                0x080041a4                FMPI2C1_EV_IRQHandler
                0x080041a4                SPI4_IRQHandler
                0x080041a4                TIM1_CC_IRQHandler
                0x080041a4                DMA2_Stream5_IRQHandler
                0x080041a4                DMA1_Stream5_IRQHandler
                0x080041a4                TIM6_IRQHandler
                0x080041a4                PVD_IRQHandler
                0x080041a4                SDIO_IRQHandler
                0x080041a4                TAMP_STAMP_IRQHandler
                0x080041a4                CAN2_RX1_IRQHandler
                0x080041a4                EXTI3_IRQHandler
                0x080041a4                TIM8_TRG_COM_TIM14_IRQHandler
                0x080041a4                DFSDM1_FLT1_IRQHandler
                0x080041a4                TIM1_UP_TIM10_IRQHandler
                0x080041a4                TIM8_UP_TIM13_IRQHandler
                0x080041a4                I2C3_ER_IRQHandler
                0x080041a4                EXTI0_IRQHandler
                0x080041a4                I2C2_EV_IRQHandler
                0x080041a4                DMA1_Stream2_IRQHandler
                0x080041a4                CAN1_RX0_IRQHandler
                0x080041a4                FPU_IRQHandler
                0x080041a4                CAN2_SCE_IRQHandler
                0x080041a4                DMA2_Stream2_IRQHandler
                0x080041a4                SPI1_IRQHandler
                0x080041a4                TIM1_BRK_TIM9_IRQHandler
                0x080041a4                CAN2_RX0_IRQHandler
                0x080041a4                DMA2_Stream3_IRQHandler
                0x080041a4                USART6_IRQHandler
                0x080041a4                USART3_IRQHandler
                0x080041a4                CAN1_RX1_IRQHandler
                0x080041a4                DMA2_Stream0_IRQHandler
                0x080041a4                TIM4_IRQHandler
                0x080041a4                QUADSPI_IRQHandler
                0x080041a4                I2C1_EV_IRQHandler
                0x080041a4                DMA1_Stream6_IRQHandler
                0x080041a4                DMA1_Stream1_IRQHandler
                0x080041a4                TIM3_IRQHandler
                0x080041a4                RCC_IRQHandler
                0x080041a4                TIM8_BRK_TIM12_IRQHandler
                0x080041a4                Default_Handler
                0x080041a4                EXTI15_10_IRQHandler
                0x080041a4                ADC_IRQHandler
                0x080041a4                DMA1_Stream7_IRQHandler
                0x080041a4                SPI5_IRQHandler
                0x080041a4                TIM7_IRQHandler
                0x080041a4                CAN2_TX_IRQHandler
                0x080041a4                TIM5_IRQHandler
                0x080041a4                DMA2_Stream7_IRQHandler
                0x080041a4                I2C3_EV_IRQHandler
                0x080041a4                EXTI9_5_IRQHandler
                0x080041a4                RTC_WKUP_IRQHandler
                0x080041a4                SPI2_IRQHandler
                0x080041a4                DMA1_Stream0_IRQHandler
                0x080041a4                CAN1_TX_IRQHandler
                0x080041a4                FMPI2C1_ER_IRQHandler
                0x080041a4                EXTI4_IRQHandler
                0x080041a4                RNG_IRQHandler
                0x080041a4                WWDG_IRQHandler
                0x080041a4                TIM2_IRQHandler
                0x080041a4                OTG_FS_WKUP_IRQHandler
                0x080041a4                TIM1_TRG_COM_TIM11_IRQHandler
                0x080041a4                EXTI1_IRQHandler
                0x080041a4                USART2_IRQHandler
                0x080041a4                DFSDM1_FLT0_IRQHandler
                0x080041a4                I2C2_ER_IRQHandler
                0x080041a4                DMA2_Stream1_IRQHandler
                0x080041a4                CAN1_SCE_IRQHandler
                0x080041a4                FLASH_IRQHandler
                0x080041a4                DMA2_Stream4_IRQHandler
                0x080041a4                USART1_IRQHandler
                0x080041a4                SPI3_IRQHandler
                0x080041a4                DMA1_Stream4_IRQHandler
                0x080041a4                I2C1_ER_IRQHandler
                0x080041a4                DMA2_Stream6_IRQHandler
                0x080041a4                DMA1_Stream3_IRQHandler
 *fill*         0x080041a6        0x2 
 .text.__libc_init_array
                0x080041a8       0x48 c:/users/bence/.vscode/extensions/buzzyelectronics.stm-helper-1.3.0/armgcc/bin/../lib/gcc/arm-none-eabi/10.3.1/../../../../arm-none-eabi/lib/thumb/v7e-m+fp/hard\libc_nano.a(lib_a-init.o)
                0x080041a8                __libc_init_array
 .text.memset   0x080041f0       0x10 c:/users/bence/.vscode/extensions/buzzyelectronics.stm-helper-1.3.0/armgcc/bin/../lib/gcc/arm-none-eabi/10.3.1/../../../../arm-none-eabi/lib/thumb/v7e-m+fp/hard\libc_nano.a(lib_a-memset.o)
                0x080041f0                memset
 .text.get_task_from_rust
                0x08004200       0xae ./target/thumbv7em-none-eabihf/release/libCustom_HID_BaseCode.a(Custom_HID_BaseCode-1170a5e0a6379d43.Custom_HID_BaseCode.c83be7ed9d8e6f8c-cgu.0.rcgu.o)
                0x08004200                get_task_from_rust
 .text.__aeabi_uldivmod
                0x080042ae       0x16 ./target/thumbv7em-none-eabihf/release/libCustom_HID_BaseCode.a(compiler_builtins-2dcd61298e9fcb4f.compiler_builtins.79ec0204f7605961-cgu.213.rcgu.o)
                0x080042ae                __aeabi_uldivmod
 .text.__udivmoddi4
                0x080042c4       0x18 ./target/thumbv7em-none-eabihf/release/libCustom_HID_BaseCode.a(compiler_builtins-2dcd61298e9fcb4f.compiler_builtins.79ec0204f7605961-cgu.142.rcgu.o)
                0x080042c4                __udivmoddi4
 .text._ZN17compiler_builtins3int19specialized_div_rem11u64_div_rem17h3d1e876f75cda8b8E
                0x080042dc      0x34e ./target/thumbv7em-none-eabihf/release/libCustom_HID_BaseCode.a(compiler_builtins-2dcd61298e9fcb4f.compiler_builtins.79ec0204f7605961-cgu.007.rcgu.o)
                0x080042dc                compiler_builtins::int::specialized_div_rem::u64_div_rem
 *(.glue_7)
 .glue_7        0x0800462a        0x0 linker stubs
 *(.glue_7t)
 .glue_7t       0x0800462a        0x0 linker stubs
 *(.eh_frame)
 *fill*         0x0800462a        0x2 
 .eh_frame      0x0800462c        0x0 c:/users/bence/.vscode/extensions/buzzyelectronics.stm-helper-1.3.0/armgcc/bin/../lib/gcc/arm-none-eabi/10.3.1/thumb/v7e-m+fp/hard/crtbegin.o
 *(.init)
 .init          0x0800462c        0x4 c:/users/bence/.vscode/extensions/buzzyelectronics.stm-helper-1.3.0/armgcc/bin/../lib/gcc/arm-none-eabi/10.3.1/thumb/v7e-m+fp/hard/crti.o
                0x0800462c                _init
 .init          0x08004630        0x8 c:/users/bence/.vscode/extensions/buzzyelectronics.stm-helper-1.3.0/armgcc/bin/../lib/gcc/arm-none-eabi/10.3.1/thumb/v7e-m+fp/hard/crtn.o
 *(.fini)
 .fini          0x08004638        0x4 c:/users/bence/.vscode/extensions/buzzyelectronics.stm-helper-1.3.0/armgcc/bin/../lib/gcc/arm-none-eabi/10.3.1/thumb/v7e-m+fp/hard/crti.o
                0x08004638                _fini
 .fini          0x0800463c        0x8 c:/users/bence/.vscode/extensions/buzzyelectronics.stm-helper-1.3.0/armgcc/bin/../lib/gcc/arm-none-eabi/10.3.1/thumb/v7e-m+fp/hard/crtn.o
                0x08004644                . = ALIGN (0x4)
                0x08004644                _etext = .

.vfp11_veneer   0x08004644        0x0
 .vfp11_veneer  0x08004644        0x0 linker stubs

.v4_bx          0x08004644        0x0
 .v4_bx         0x08004644        0x0 linker stubs

.iplt           0x08004644        0x0
 .iplt          0x08004644        0x0 c:/users/bence/.vscode/extensions/buzzyelectronics.stm-helper-1.3.0/armgcc/bin/../lib/gcc/arm-none-eabi/10.3.1/thumb/v7e-m+fp/hard/crtbegin.o

.rodata         0x08004644       0x64
                0x08004644                . = ALIGN (0x4)
 *(.rodata)
 *(.rodata*)
 .rodata.USBD_FS_ProductStrDescriptor.str1.4
                0x08004644       0x13 build/usbd_desc.o
 *fill*         0x08004657        0x1 
 .rodata.USBD_FS_ManufacturerStrDescriptor.str1.4
                0x08004658       0x13 build/usbd_desc.o
 *fill*         0x0800466b        0x1 
 .rodata.USBD_FS_ConfigStrDescriptor.str1.4
                0x0800466c       0x12 build/usbd_desc.o
 *fill*         0x0800467e        0x2 
 .rodata.USBD_FS_InterfaceStrDescriptor.str1.4
                0x08004680       0x15 build/usbd_desc.o
 *fill*         0x08004695        0x3 
 .rodata.AHBPrescTable
                0x08004698       0x10 build/system_stm32f4xx.o
                0x08004698                AHBPrescTable
                0x080046a8                . = ALIGN (0x4)

.ARM.extab
 *(.ARM.extab* .gnu.linkonce.armextab.*)

.ARM            0x080046a8        0x8
                0x080046a8                __exidx_start = .
 *(.ARM.exidx*)
 .ARM.exidx.text.get_task_from_rust
                0x080046a8        0x8 ./target/thumbv7em-none-eabihf/release/libCustom_HID_BaseCode.a(Custom_HID_BaseCode-1170a5e0a6379d43.Custom_HID_BaseCode.c83be7ed9d8e6f8c-cgu.0.rcgu.o)
 .ARM.exidx.text.__aeabi_uldivmod
                0x080046b0        0x0 ./target/thumbv7em-none-eabihf/release/libCustom_HID_BaseCode.a(compiler_builtins-2dcd61298e9fcb4f.compiler_builtins.79ec0204f7605961-cgu.213.rcgu.o)
                                  0x8 (size before relaxing)
 .ARM.exidx.text.__udivmoddi4
                0x080046b0        0x0 ./target/thumbv7em-none-eabihf/release/libCustom_HID_BaseCode.a(compiler_builtins-2dcd61298e9fcb4f.compiler_builtins.79ec0204f7605961-cgu.142.rcgu.o)
                                  0x8 (size before relaxing)
 .ARM.exidx.text._ZN17compiler_builtins3int19specialized_div_rem11u64_div_rem17h3d1e876f75cda8b8E
                0x080046b0        0x0 ./target/thumbv7em-none-eabihf/release/libCustom_HID_BaseCode.a(compiler_builtins-2dcd61298e9fcb4f.compiler_builtins.79ec0204f7605961-cgu.007.rcgu.o)
                                  0x8 (size before relaxing)
                0x080046b0                __exidx_end = .

.rel.dyn        0x080046b0        0x0
 .rel.iplt      0x080046b0        0x0 c:/users/bence/.vscode/extensions/buzzyelectronics.stm-helper-1.3.0/armgcc/bin/../lib/gcc/arm-none-eabi/10.3.1/thumb/v7e-m+fp/hard/crtbegin.o

.preinit_array  0x080046b0        0x0
                0x080046b0                PROVIDE (__preinit_array_start = .)
 *(.preinit_array*)
                0x080046b0                PROVIDE (__preinit_array_end = .)

.init_array     0x080046b0        0x4
                0x080046b0                PROVIDE (__init_array_start = .)
 *(SORT_BY_NAME(.init_array.*))
 *(.init_array*)
 .init_array    0x080046b0        0x4 c:/users/bence/.vscode/extensions/buzzyelectronics.stm-helper-1.3.0/armgcc/bin/../lib/gcc/arm-none-eabi/10.3.1/thumb/v7e-m+fp/hard/crtbegin.o
                0x080046b4                PROVIDE (__init_array_end = .)

.fini_array     0x080046b4        0x4
                [!provide]                PROVIDE (__fini_array_start = .)
 *(SORT_BY_NAME(.fini_array.*))
 *(.fini_array*)
 .fini_array    0x080046b4        0x4 c:/users/bence/.vscode/extensions/buzzyelectronics.stm-helper-1.3.0/armgcc/bin/../lib/gcc/arm-none-eabi/10.3.1/thumb/v7e-m+fp/hard/crtbegin.o
                [!provide]                PROVIDE (__fini_array_end = .)
                0x080046b8                _sidata = LOADADDR (.data)

.data           0x20000000      0x120 load address 0x080046b8
                0x20000000                . = ALIGN (0x4)
                0x20000000                _sdata = .
 *(.data)
 *(.data*)
 .data.button_available_to_report
                0x20000000        0x1 build/main.o
                0x20000000                button_available_to_report
 *fill*         0x20000001        0x3 
 .data.FS_Desc  0x20000004       0x20 build/usbd_desc.o
                0x20000004                FS_Desc
 .data.USBD_FS_BOSDesc
                0x20000024        0xc build/usbd_desc.o
                0x20000024                USBD_FS_BOSDesc
 .data.USBD_FS_DeviceDesc
                0x20000030       0x12 build/usbd_desc.o
                0x20000030                USBD_FS_DeviceDesc
 *fill*         0x20000042        0x2 
 .data.USBD_LangIDDesc
                0x20000044        0x4 build/usbd_desc.o
                0x20000044                USBD_LangIDDesc
 .data.USBD_StringSerial
                0x20000048       0x1a build/usbd_desc.o
                0x20000048                USBD_StringSerial
 *fill*         0x20000062        0x2 
 .data.CUSTOM_HID_ReportDesc_FS
                0x20000064       0x21 build/usbd_custom_hid_if.o
 *fill*         0x20000085        0x3 
 .data.USBD_CustomHID_fops_FS
                0x20000088       0x10 build/usbd_custom_hid_if.o
                0x20000088                USBD_CustomHID_fops_FS
 .data.uwTickFreq
                0x20000098        0x1 build/stm32f4xx_hal.o
                0x20000098                uwTickFreq
 *fill*         0x20000099        0x3 
 .data.uwTickPrio
                0x2000009c        0x4 build/stm32f4xx_hal.o
                0x2000009c                uwTickPrio
 .data.SystemCoreClock
                0x200000a0        0x4 build/system_stm32f4xx.o
                0x200000a0                SystemCoreClock
 .data.USBD_CUSTOM_HID
                0x200000a4       0x38 build/usbd_customhid.o
                0x200000a4                USBD_CUSTOM_HID
 .data.USBD_CUSTOM_HID_CfgDesc
                0x200000dc       0x29 build/usbd_customhid.o
 *fill*         0x20000105        0x3 
 .data.USBD_CUSTOM_HID_Desc
                0x20000108        0x9 build/usbd_customhid.o
 *fill*         0x20000111        0x3 
 .data.USBD_CUSTOM_HID_DeviceQualifierDesc
                0x20000114        0xa build/usbd_customhid.o
                0x20000120                . = ALIGN (0x4)
 *fill*         0x2000011e        0x2 
                0x20000120                _edata = .

.igot.plt       0x20000120        0x0 load address 0x080047d8
 .igot.plt      0x20000120        0x0 c:/users/bence/.vscode/extensions/buzzyelectronics.stm-helper-1.3.0/armgcc/bin/../lib/gcc/arm-none-eabi/10.3.1/thumb/v7e-m+fp/hard/crtbegin.o
                0x20000120                . = ALIGN (0x4)

.bss            0x20000120      0xde4 load address 0x080047d8
                0x20000120                _sbss = .
                0x20000120                __bss_start__ = _sbss
 *(.bss)
 .bss           0x20000120       0x1c c:/users/bence/.vscode/extensions/buzzyelectronics.stm-helper-1.3.0/armgcc/bin/../lib/gcc/arm-none-eabi/10.3.1/thumb/v7e-m+fp/hard/crtbegin.o
 *(.bss*)
 .bss.bufferForButton
                0x2000013c       0x40 build/main.o
                0x2000013c                bufferForButton
 .bss.button_val
                0x2000017c        0x1 build/main.o
                0x2000017c                button_val
 *fill*         0x2000017d        0x3 
 .bss.hUsbDeviceFS
                0x20000180      0x2dc build/usb_device.o
                0x20000180                hUsbDeviceFS
 .bss.USBD_StrDesc
                0x2000045c      0x200 build/usbd_desc.o
                0x2000045c                USBD_StrDesc
 .bss.buffer    0x2000065c       0x40 build/usbd_custom_hid_if.o
                0x2000065c                buffer
 .bss.hpcd_USB_OTG_FS
                0x2000069c      0x50c build/usbd_conf.o
                0x2000069c                hpcd_USB_OTG_FS
 .bss.mem.0     0x20000ba8       0x58 build/usbd_conf.o
 .bss.uwTick    0x20000c00        0x4 build/stm32f4xx_hal.o
                0x20000c00                uwTick
 .bss.cfgidx.0  0x20000c04        0x1 build/usbd_ctlreq.o
 *fill*         0x20000c05        0x3 
 .bss.instance  0x20000c08      0x2fc build/dataprovider.o
 *(COMMON)
                0x20000f04                . = ALIGN (0x4)
                0x20000f04                _ebss = .
                0x20000f04                __bss_end__ = _ebss

._user_heap_stack
                0x20000f04      0x604 load address 0x080047d8
                0x20000f08                . = ALIGN (0x8)
 *fill*         0x20000f04        0x4 
                [!provide]                PROVIDE (end = .)
                [!provide]                PROVIDE (_end = .)
                0x20001108                . = (. + _Min_Heap_Size)
 *fill*         0x20000f08      0x200 
                0x20001508                . = (. + _Min_Stack_Size)
 *fill*         0x20001108      0x400 
                0x20001508                . = ALIGN (0x8)

/DISCARD/
 libc.a(*)
 libm.a(*)
 libgcc.a(*)

.ARM.attributes
                0x00000000       0x36
 *(.ARM.attributes)
 .ARM.attributes
                0x00000000       0x1e c:/users/bence/.vscode/extensions/buzzyelectronics.stm-helper-1.3.0/armgcc/bin/../lib/gcc/arm-none-eabi/10.3.1/thumb/v7e-m+fp/hard/crti.o
 .ARM.attributes
                0x0000001e       0x34 c:/users/bence/.vscode/extensions/buzzyelectronics.stm-helper-1.3.0/armgcc/bin/../lib/gcc/arm-none-eabi/10.3.1/thumb/v7e-m+fp/hard/crtbegin.o
 .ARM.attributes
                0x00000052       0x34 build/main.o
 .ARM.attributes
                0x00000086       0x34 build/stm32f4xx_it.o
 .ARM.attributes
                0x000000ba       0x34 build/stm32f4xx_hal_msp.o
 .ARM.attributes
                0x000000ee       0x34 build/usb_device.o
 .ARM.attributes
                0x00000122       0x34 build/usbd_desc.o
 .ARM.attributes
                0x00000156       0x34 build/usbd_custom_hid_if.o
 .ARM.attributes
                0x0000018a       0x34 build/usbd_conf.o
 .ARM.attributes
                0x000001be       0x34 build/stm32f4xx_hal_pcd.o
 .ARM.attributes
                0x000001f2       0x34 build/stm32f4xx_hal_pcd_ex.o
 .ARM.attributes
                0x00000226       0x34 build/stm32f4xx_ll_usb.o
 .ARM.attributes
                0x0000025a       0x34 build/stm32f4xx_hal_rcc.o
 .ARM.attributes
                0x0000028e       0x34 build/stm32f4xx_hal_rcc_ex.o
 .ARM.attributes
                0x000002c2       0x34 build/stm32f4xx_hal_gpio.o
 .ARM.attributes
                0x000002f6       0x34 build/stm32f4xx_hal_cortex.o
 .ARM.attributes
                0x0000032a       0x34 build/stm32f4xx_hal.o
 .ARM.attributes
                0x0000035e       0x34 build/system_stm32f4xx.o
 .ARM.attributes
                0x00000392       0x34 build/usbd_core.o
 .ARM.attributes
                0x000003c6       0x34 build/usbd_ctlreq.o
 .ARM.attributes
                0x000003fa       0x34 build/usbd_ioreq.o
 .ARM.attributes
                0x0000042e       0x34 build/usbd_customhid.o
 .ARM.attributes
                0x00000462       0x34 build/dataprovider.o
 .ARM.attributes
                0x00000496       0x21 build/startup_stm32f412zx.o
 .ARM.attributes
                0x000004b7       0x34 c:/users/bence/.vscode/extensions/buzzyelectronics.stm-helper-1.3.0/armgcc/bin/../lib/gcc/arm-none-eabi/10.3.1/../../../../arm-none-eabi/lib/thumb/v7e-m+fp/hard\libc_nano.a(lib_a-init.o)
 .ARM.attributes
                0x000004eb       0x34 c:/users/bence/.vscode/extensions/buzzyelectronics.stm-helper-1.3.0/armgcc/bin/../lib/gcc/arm-none-eabi/10.3.1/../../../../arm-none-eabi/lib/thumb/v7e-m+fp/hard\libc_nano.a(lib_a-memset.o)
 .ARM.attributes
                0x0000051f       0x3a ./target/thumbv7em-none-eabihf/release/libCustom_HID_BaseCode.a(Custom_HID_BaseCode-1170a5e0a6379d43.Custom_HID_BaseCode.c83be7ed9d8e6f8c-cgu.0.rcgu.o)
 .ARM.attributes
                0x00000559       0x3a ./target/thumbv7em-none-eabihf/release/libCustom_HID_BaseCode.a(compiler_builtins-2dcd61298e9fcb4f.compiler_builtins.79ec0204f7605961-cgu.213.rcgu.o)
 .ARM.attributes
                0x00000593       0x3a ./target/thumbv7em-none-eabihf/release/libCustom_HID_BaseCode.a(compiler_builtins-2dcd61298e9fcb4f.compiler_builtins.79ec0204f7605961-cgu.142.rcgu.o)
 .ARM.attributes
                0x000005cd       0x3a ./target/thumbv7em-none-eabihf/release/libCustom_HID_BaseCode.a(compiler_builtins-2dcd61298e9fcb4f.compiler_builtins.79ec0204f7605961-cgu.007.rcgu.o)
 .ARM.attributes
                0x00000607       0x1e c:/users/bence/.vscode/extensions/buzzyelectronics.stm-helper-1.3.0/armgcc/bin/../lib/gcc/arm-none-eabi/10.3.1/thumb/v7e-m+fp/hard/crtn.o
OUTPUT(build/Custom_HID_BaseCode.elf elf32-littlearm)
LOAD linker stubs
LOAD c:/users/bence/.vscode/extensions/buzzyelectronics.stm-helper-1.3.0/armgcc/bin/../lib/gcc/arm-none-eabi/10.3.1/../../../../arm-none-eabi/lib/thumb/v7e-m+fp/hard\libc.a
LOAD c:/users/bence/.vscode/extensions/buzzyelectronics.stm-helper-1.3.0/armgcc/bin/../lib/gcc/arm-none-eabi/10.3.1/../../../../arm-none-eabi/lib/thumb/v7e-m+fp/hard\libm.a
LOAD c:/users/bence/.vscode/extensions/buzzyelectronics.stm-helper-1.3.0/armgcc/bin/../lib/gcc/arm-none-eabi/10.3.1/thumb/v7e-m+fp/hard\libgcc.a

.debug_info     0x00000000    0x1370f
 .debug_info    0x00000000     0x106d build/main.o
 .debug_info    0x0000106d      0x77c build/stm32f4xx_it.o
 .debug_info    0x000017e9      0x32f build/stm32f4xx_hal_msp.o
 .debug_info    0x00001b18      0x7f8 build/usb_device.o
 .debug_info    0x00002310      0x6bb build/usbd_desc.o
 .debug_info    0x000029cb      0xa48 build/usbd_custom_hid_if.o
 .debug_info    0x00003413     0x246c build/usbd_conf.o
 .debug_info    0x0000587f     0x1de2 build/stm32f4xx_hal_pcd.o
 .debug_info    0x00007661      0xae2 build/stm32f4xx_hal_pcd_ex.o
 .debug_info    0x00008143     0x21d4 build/stm32f4xx_ll_usb.o
 .debug_info    0x0000a317      0xc39 build/stm32f4xx_hal_rcc.o
 .debug_info    0x0000af50      0xace build/stm32f4xx_hal_rcc_ex.o
 .debug_info    0x0000ba1e      0x8ac build/stm32f4xx_hal_gpio.o
 .debug_info    0x0000c2ca     0x1162 build/stm32f4xx_hal_cortex.o
 .debug_info    0x0000d42c      0xb01 build/stm32f4xx_hal.o
 .debug_info    0x0000df2d      0x5f7 build/system_stm32f4xx.o
 .debug_info    0x0000e524     0x1362 build/usbd_core.o
 .debug_info    0x0000f886     0x14fd build/usbd_ctlreq.o
 .debug_info    0x00010d83      0x982 build/usbd_ioreq.o
 .debug_info    0x00011705      0xff1 build/usbd_customhid.o
 .debug_info    0x000126f6      0xb30 build/dataprovider.o
 .debug_info    0x00013226       0x22 build/startup_stm32f412zx.o
 .debug_info    0x00013248       0x4b ./target/thumbv7em-none-eabihf/release/libCustom_HID_BaseCode.a(compiler_builtins-2dcd61298e9fcb4f.compiler_builtins.79ec0204f7605961-cgu.213.rcgu.o)
 .debug_info    0x00013293       0xa1 ./target/thumbv7em-none-eabihf/release/libCustom_HID_BaseCode.a(compiler_builtins-2dcd61298e9fcb4f.compiler_builtins.79ec0204f7605961-cgu.142.rcgu.o)
 .debug_info    0x00013334      0x3db ./target/thumbv7em-none-eabihf/release/libCustom_HID_BaseCode.a(compiler_builtins-2dcd61298e9fcb4f.compiler_builtins.79ec0204f7605961-cgu.007.rcgu.o)

.debug_abbrev   0x00000000     0x30c2
 .debug_abbrev  0x00000000      0x27a build/main.o
 .debug_abbrev  0x0000027a      0x17c build/stm32f4xx_it.o
 .debug_abbrev  0x000003f6       0xd3 build/stm32f4xx_hal_msp.o
 .debug_abbrev  0x000004c9      0x188 build/usb_device.o
 .debug_abbrev  0x00000651      0x1eb build/usbd_desc.o
 .debug_abbrev  0x0000083c      0x22c build/usbd_custom_hid_if.o
 .debug_abbrev  0x00000a68      0x311 build/usbd_conf.o
 .debug_abbrev  0x00000d79      0x2d1 build/stm32f4xx_hal_pcd.o
 .debug_abbrev  0x0000104a      0x26c build/stm32f4xx_hal_pcd_ex.o
 .debug_abbrev  0x000012b6      0x2f9 build/stm32f4xx_ll_usb.o
 .debug_abbrev  0x000015af      0x2aa build/stm32f4xx_hal_rcc.o
 .debug_abbrev  0x00001859      0x1db build/stm32f4xx_hal_rcc_ex.o
 .debug_abbrev  0x00001a34      0x22b build/stm32f4xx_hal_gpio.o
 .debug_abbrev  0x00001c5f      0x382 build/stm32f4xx_hal_cortex.o
 .debug_abbrev  0x00001fe1      0x209 build/stm32f4xx_hal.o
 .debug_abbrev  0x000021ea      0x11b build/system_stm32f4xx.o
 .debug_abbrev  0x00002305      0x2b8 build/usbd_core.o
 .debug_abbrev  0x000025bd      0x358 build/usbd_ctlreq.o
 .debug_abbrev  0x00002915      0x176 build/usbd_ioreq.o
 .debug_abbrev  0x00002a8b      0x32b build/usbd_customhid.o
 .debug_abbrev  0x00002db6      0x1d5 build/dataprovider.o
 .debug_abbrev  0x00002f8b       0x12 build/startup_stm32f412zx.o
 .debug_abbrev  0x00002f9d       0x31 ./target/thumbv7em-none-eabihf/release/libCustom_HID_BaseCode.a(compiler_builtins-2dcd61298e9fcb4f.compiler_builtins.79ec0204f7605961-cgu.213.rcgu.o)
 .debug_abbrev  0x00002fce       0x65 ./target/thumbv7em-none-eabihf/release/libCustom_HID_BaseCode.a(compiler_builtins-2dcd61298e9fcb4f.compiler_builtins.79ec0204f7605961-cgu.142.rcgu.o)
 .debug_abbrev  0x00003033       0x8f ./target/thumbv7em-none-eabihf/release/libCustom_HID_BaseCode.a(compiler_builtins-2dcd61298e9fcb4f.compiler_builtins.79ec0204f7605961-cgu.007.rcgu.o)

.debug_loc      0x00000000     0xbd58
 .debug_loc     0x00000000       0x9e build/main.o
 .debug_loc     0x0000009e       0x40 build/stm32f4xx_it.o
 .debug_loc     0x000000de       0x2c build/stm32f4xx_hal_msp.o
 .debug_loc     0x0000010a       0x20 build/usb_device.o
 .debug_loc     0x0000012a      0x4a0 build/usbd_desc.o
 .debug_loc     0x000005ca       0x90 build/usbd_custom_hid_if.o
 .debug_loc     0x0000065a     0x102b build/usbd_conf.o
 .debug_loc     0x00001685     0x1777 build/stm32f4xx_hal_pcd.o
 .debug_loc     0x00002dfc      0x28e build/stm32f4xx_hal_pcd_ex.o
 .debug_loc     0x0000308a     0x2abe build/stm32f4xx_ll_usb.o
 .debug_loc     0x00005b48      0x6e4 build/stm32f4xx_hal_rcc.o
 .debug_loc     0x0000622c      0xb6b build/stm32f4xx_hal_rcc_ex.o
 .debug_loc     0x00006d97      0x5e8 build/stm32f4xx_hal_gpio.o
 .debug_loc     0x0000737f      0x7a4 build/stm32f4xx_hal_cortex.o
 .debug_loc     0x00007b23      0x1e1 build/stm32f4xx_hal.o
 .debug_loc     0x00007d04      0x158 build/system_stm32f4xx.o
 .debug_loc     0x00007e5c     0x102a build/usbd_core.o
 .debug_loc     0x00008e86     0x1a84 build/usbd_ctlreq.o
 .debug_loc     0x0000a90a      0x398 build/usbd_ioreq.o
 .debug_loc     0x0000aca2      0xc56 build/usbd_customhid.o
 .debug_loc     0x0000b8f8      0x460 build/dataprovider.o

.debug_aranges  0x00000000      0xc40
 .debug_aranges
                0x00000000       0x38 build/main.o
 .debug_aranges
                0x00000038       0x68 build/stm32f4xx_it.o
 .debug_aranges
                0x000000a0       0x20 build/stm32f4xx_hal_msp.o
 .debug_aranges
                0x000000c0       0x20 build/usb_device.o
 .debug_aranges
                0x000000e0       0x68 build/usbd_desc.o
 .debug_aranges
                0x00000148       0x30 build/usbd_custom_hid_if.o
 .debug_aranges
                0x00000178      0x118 build/usbd_conf.o
 .debug_aranges
                0x00000290      0x148 build/stm32f4xx_hal_pcd.o
 .debug_aranges
                0x000003d8       0x60 build/stm32f4xx_hal_pcd_ex.o
 .debug_aranges
                0x00000438      0x1a0 build/stm32f4xx_ll_usb.o
 .debug_aranges
                0x000005d8       0x88 build/stm32f4xx_hal_rcc.o
 .debug_aranges
                0x00000660       0x60 build/stm32f4xx_hal_rcc_ex.o
 .debug_aranges
                0x000006c0       0x58 build/stm32f4xx_hal_gpio.o
 .debug_aranges
                0x00000718       0xa8 build/stm32f4xx_hal_cortex.o
 .debug_aranges
                0x000007c0       0xf0 build/stm32f4xx_hal.o
 .debug_aranges
                0x000008b0       0x28 build/system_stm32f4xx.o
 .debug_aranges
                0x000008d8       0xd8 build/usbd_core.o
 .debug_aranges
                0x000009b0       0x88 build/usbd_ctlreq.o
 .debug_aranges
                0x00000a38       0x50 build/usbd_ioreq.o
 .debug_aranges
                0x00000a88       0x80 build/usbd_customhid.o
 .debug_aranges
                0x00000b08       0xa8 build/dataprovider.o
 .debug_aranges
                0x00000bb0       0x28 build/startup_stm32f412zx.o
 .debug_aranges
                0x00000bd8       0x20 ./target/thumbv7em-none-eabihf/release/libCustom_HID_BaseCode.a(compiler_builtins-2dcd61298e9fcb4f.compiler_builtins.79ec0204f7605961-cgu.213.rcgu.o)
 .debug_aranges
                0x00000bf8       0x20 ./target/thumbv7em-none-eabihf/release/libCustom_HID_BaseCode.a(compiler_builtins-2dcd61298e9fcb4f.compiler_builtins.79ec0204f7605961-cgu.142.rcgu.o)
 .debug_aranges
                0x00000c18       0x28 ./target/thumbv7em-none-eabihf/release/libCustom_HID_BaseCode.a(compiler_builtins-2dcd61298e9fcb4f.compiler_builtins.79ec0204f7605961-cgu.007.rcgu.o)

.debug_ranges   0x00000000      0xc50
 .debug_ranges  0x00000000       0x28 build/main.o
 .debug_ranges  0x00000028       0x58 build/stm32f4xx_it.o
 .debug_ranges  0x00000080       0x10 build/stm32f4xx_hal_msp.o
 .debug_ranges  0x00000090       0x10 build/usb_device.o
 .debug_ranges  0x000000a0       0x58 build/usbd_desc.o
 .debug_ranges  0x000000f8       0x20 build/usbd_custom_hid_if.o
 .debug_ranges  0x00000118      0x108 build/usbd_conf.o
 .debug_ranges  0x00000220      0x138 build/stm32f4xx_hal_pcd.o
 .debug_ranges  0x00000358       0x50 build/stm32f4xx_hal_pcd_ex.o
 .debug_ranges  0x000003a8      0x190 build/stm32f4xx_ll_usb.o
 .debug_ranges  0x00000538       0x90 build/stm32f4xx_hal_rcc.o
 .debug_ranges  0x000005c8       0x68 build/stm32f4xx_hal_rcc_ex.o
 .debug_ranges  0x00000630       0x48 build/stm32f4xx_hal_gpio.o
 .debug_ranges  0x00000678       0xf8 build/stm32f4xx_hal_cortex.o
 .debug_ranges  0x00000770       0xe0 build/stm32f4xx_hal.o
 .debug_ranges  0x00000850       0x18 build/system_stm32f4xx.o
 .debug_ranges  0x00000868       0xc8 build/usbd_core.o
 .debug_ranges  0x00000930       0x78 build/usbd_ctlreq.o
 .debug_ranges  0x000009a8       0x40 build/usbd_ioreq.o
 .debug_ranges  0x000009e8       0x70 build/usbd_customhid.o
 .debug_ranges  0x00000a58       0x98 build/dataprovider.o
 .debug_ranges  0x00000af0       0x20 build/startup_stm32f412zx.o
 .debug_ranges  0x00000b10      0x140 ./target/thumbv7em-none-eabihf/release/libCustom_HID_BaseCode.a(compiler_builtins-2dcd61298e9fcb4f.compiler_builtins.79ec0204f7605961-cgu.007.rcgu.o)

.debug_line     0x00000000     0xb33e
 .debug_line    0x00000000      0x54b build/main.o
 .debug_line    0x0000054b      0x2fe build/stm32f4xx_it.o
 .debug_line    0x00000849      0x18b build/stm32f4xx_hal_msp.o
 .debug_line    0x000009d4      0x250 build/usb_device.o
 .debug_line    0x00000c24      0x3b2 build/usbd_desc.o
 .debug_line    0x00000fd6      0x308 build/usbd_custom_hid_if.o
 .debug_line    0x000012de      0x8ea build/usbd_conf.o
 .debug_line    0x00001bc8     0x15d7 build/stm32f4xx_hal_pcd.o
 .debug_line    0x0000319f      0x4bf build/stm32f4xx_hal_pcd_ex.o
 .debug_line    0x0000365e     0x1e50 build/stm32f4xx_ll_usb.o
 .debug_line    0x000054ae      0xb47 build/stm32f4xx_hal_rcc.o
 .debug_line    0x00005ff5      0xec8 build/stm32f4xx_hal_rcc_ex.o
 .debug_line    0x00006ebd      0x707 build/stm32f4xx_hal_gpio.o
 .debug_line    0x000075c4      0x7a8 build/stm32f4xx_hal_cortex.o
 .debug_line    0x00007d6c      0x595 build/stm32f4xx_hal.o
 .debug_line    0x00008301      0x280 build/system_stm32f4xx.o
 .debug_line    0x00008581      0x9fa build/usbd_core.o
 .debug_line    0x00008f7b      0xd9c build/usbd_ctlreq.o
 .debug_line    0x00009d17      0x2da build/usbd_ioreq.o
 .debug_line    0x00009ff1      0x834 build/usbd_customhid.o
 .debug_line    0x0000a825      0x401 build/dataprovider.o
 .debug_line    0x0000ac26       0x76 build/startup_stm32f412zx.o
 .debug_line    0x0000ac9c       0x52 ./target/thumbv7em-none-eabihf/release/libCustom_HID_BaseCode.a(compiler_builtins-2dcd61298e9fcb4f.compiler_builtins.79ec0204f7605961-cgu.213.rcgu.o)
 .debug_line    0x0000acee       0x99 ./target/thumbv7em-none-eabihf/release/libCustom_HID_BaseCode.a(compiler_builtins-2dcd61298e9fcb4f.compiler_builtins.79ec0204f7605961-cgu.142.rcgu.o)
 .debug_line    0x0000ad87      0x5b7 ./target/thumbv7em-none-eabihf/release/libCustom_HID_BaseCode.a(compiler_builtins-2dcd61298e9fcb4f.compiler_builtins.79ec0204f7605961-cgu.007.rcgu.o)

.debug_str      0x00000000     0x4396
 .debug_str     0x00000000      0x9aa build/main.o
                                0xa82 (size before relaxing)
 .debug_str     0x000009aa      0x495 build/stm32f4xx_it.o
                                0x663 (size before relaxing)
 .debug_str     0x00000e3f       0x29 build/stm32f4xx_hal_msp.o
                                0x2c6 (size before relaxing)
 .debug_str     0x00000e68      0x105 build/usb_device.o
                                0x6ba (size before relaxing)
 .debug_str     0x00000f6d      0x1ab build/usbd_desc.o
                                0x480 (size before relaxing)
 .debug_str     0x00001118       0xdb build/usbd_custom_hid_if.o
                                0x826 (size before relaxing)
 .debug_str     0x000011f3      0xc02 build/usbd_conf.o
                               0x17b7 (size before relaxing)
 .debug_str     0x00001df5      0x5b3 build/stm32f4xx_hal_pcd.o
                                0xe01 (size before relaxing)
 .debug_str     0x000023a8      0x187 build/stm32f4xx_hal_pcd_ex.o
                                0x7de (size before relaxing)
 .debug_str     0x0000252f      0x440 build/stm32f4xx_ll_usb.o
                                0xcbf (size before relaxing)
 .debug_str     0x0000296f      0x205 build/stm32f4xx_hal_rcc.o
                                0x716 (size before relaxing)
 .debug_str     0x00002b74      0x119 build/stm32f4xx_hal_rcc_ex.o
                                0x6b9 (size before relaxing)
 .debug_str     0x00002c8d       0xe4 build/stm32f4xx_hal_gpio.o
                                0x4f1 (size before relaxing)
 .debug_str     0x00002d71      0x486 build/stm32f4xx_hal_cortex.o
                                0xbed (size before relaxing)
 .debug_str     0x000031f7      0x295 build/stm32f4xx_hal.o
                                0xb3f (size before relaxing)
 .debug_str     0x0000348c       0x47 build/system_stm32f4xx.o
                                0x380 (size before relaxing)
 .debug_str     0x000034d3      0x27b build/usbd_core.o
                                0x9cf (size before relaxing)
 .debug_str     0x0000374e      0x109 build/usbd_ctlreq.o
                                0x7fa (size before relaxing)
 .debug_str     0x00003857       0x60 build/usbd_ioreq.o
                                0x6cf (size before relaxing)
 .debug_str     0x000038b7      0x290 build/usbd_customhid.o
                                0xa33 (size before relaxing)
 .debug_str     0x00003b47       0xb1 build/dataprovider.o
                                0x7a9 (size before relaxing)
 .debug_str     0x00003bf8       0x24 build/startup_stm32f412zx.o
                                 0x51 (size before relaxing)
 .debug_str     0x00003c1c      0x123 ./target/thumbv7em-none-eabihf/release/libCustom_HID_BaseCode.a(compiler_builtins-2dcd61298e9fcb4f.compiler_builtins.79ec0204f7605961-cgu.213.rcgu.o)
                                0x134 (size before relaxing)
 .debug_str     0x00003d3f      0x160 ./target/thumbv7em-none-eabihf/release/libCustom_HID_BaseCode.a(compiler_builtins-2dcd61298e9fcb4f.compiler_builtins.79ec0204f7605961-cgu.142.rcgu.o)
                                0x1fd (size before relaxing)
 .debug_str     0x00003e9f      0x4f7 ./target/thumbv7em-none-eabihf/release/libCustom_HID_BaseCode.a(compiler_builtins-2dcd61298e9fcb4f.compiler_builtins.79ec0204f7605961-cgu.007.rcgu.o)
                                0x5a4 (size before relaxing)

.comment        0x00000000       0x49
 .comment       0x00000000       0x49 build/main.o
                                 0x4a (size before relaxing)
 .comment       0x00000049       0x4a build/stm32f4xx_it.o
 .comment       0x00000049       0x4a build/stm32f4xx_hal_msp.o
 .comment       0x00000049       0x4a build/usb_device.o
 .comment       0x00000049       0x4a build/usbd_desc.o
 .comment       0x00000049       0x4a build/usbd_custom_hid_if.o
 .comment       0x00000049       0x4a build/usbd_conf.o
 .comment       0x00000049       0x4a build/stm32f4xx_hal_pcd.o
 .comment       0x00000049       0x4a build/stm32f4xx_hal_pcd_ex.o
 .comment       0x00000049       0x4a build/stm32f4xx_ll_usb.o
 .comment       0x00000049       0x4a build/stm32f4xx_hal_rcc.o
 .comment       0x00000049       0x4a build/stm32f4xx_hal_rcc_ex.o
 .comment       0x00000049       0x4a build/stm32f4xx_hal_gpio.o
 .comment       0x00000049       0x4a build/stm32f4xx_hal_cortex.o
 .comment       0x00000049       0x4a build/stm32f4xx_hal.o
 .comment       0x00000049       0x4a build/system_stm32f4xx.o
 .comment       0x00000049       0x4a build/usbd_core.o
 .comment       0x00000049       0x4a build/usbd_ctlreq.o
 .comment       0x00000049       0x4a build/usbd_ioreq.o
 .comment       0x00000049       0x4a build/usbd_customhid.o
 .comment       0x00000049       0x4a build/dataprovider.o

.note.GNU-stack
                0x00000000        0x0
 .note.GNU-stack
                0x00000000        0x0 ./target/thumbv7em-none-eabihf/release/libCustom_HID_BaseCode.a(Custom_HID_BaseCode-1170a5e0a6379d43.Custom_HID_BaseCode.c83be7ed9d8e6f8c-cgu.0.rcgu.o)
 .note.GNU-stack
                0x00000000        0x0 ./target/thumbv7em-none-eabihf/release/libCustom_HID_BaseCode.a(compiler_builtins-2dcd61298e9fcb4f.compiler_builtins.79ec0204f7605961-cgu.213.rcgu.o)
 .note.GNU-stack
                0x00000000        0x0 ./target/thumbv7em-none-eabihf/release/libCustom_HID_BaseCode.a(compiler_builtins-2dcd61298e9fcb4f.compiler_builtins.79ec0204f7605961-cgu.142.rcgu.o)
 .note.GNU-stack
                0x00000000        0x0 ./target/thumbv7em-none-eabihf/release/libCustom_HID_BaseCode.a(compiler_builtins-2dcd61298e9fcb4f.compiler_builtins.79ec0204f7605961-cgu.007.rcgu.o)

.debug_frame    0x00000000     0x1ddc
 .debug_frame   0x00000000       0x78 build/main.o
 .debug_frame   0x00000078       0xc0 build/stm32f4xx_it.o
 .debug_frame   0x00000138       0x28 build/stm32f4xx_hal_msp.o
 .debug_frame   0x00000160       0x28 build/usb_device.o
 .debug_frame   0x00000188       0xf0 build/usbd_desc.o
 .debug_frame   0x00000278       0x4c build/usbd_custom_hid_if.o
 .debug_frame   0x000002c4      0x2fc build/usbd_conf.o
 .debug_frame   0x000005c0      0x388 build/stm32f4xx_hal_pcd.o
 .debug_frame   0x00000948       0xb8 build/stm32f4xx_hal_pcd_ex.o
 .debug_frame   0x00000a00      0x4ac build/stm32f4xx_ll_usb.o
 .debug_frame   0x00000eac      0x16c build/stm32f4xx_hal_rcc.o
 .debug_frame   0x00001018      0x100 build/stm32f4xx_hal_rcc_ex.o
 .debug_frame   0x00001118       0xd8 build/stm32f4xx_hal_gpio.o
 .debug_frame   0x000011f0      0x148 build/stm32f4xx_hal_cortex.o
 .debug_frame   0x00001338      0x1ec build/stm32f4xx_hal.o
 .debug_frame   0x00001524       0x30 build/system_stm32f4xx.o
 .debug_frame   0x00001554      0x240 build/usbd_core.o
 .debug_frame   0x00001794      0x180 build/usbd_ctlreq.o
 .debug_frame   0x00001914       0xb8 build/usbd_ioreq.o
 .debug_frame   0x000019cc      0x158 build/usbd_customhid.o
 .debug_frame   0x00001b24      0x1b0 build/dataprovider.o
 .debug_frame   0x00001cd4       0x2c c:/users/bence/.vscode/extensions/buzzyelectronics.stm-helper-1.3.0/armgcc/bin/../lib/gcc/arm-none-eabi/10.3.1/../../../../arm-none-eabi/lib/thumb/v7e-m+fp/hard\libc_nano.a(lib_a-init.o)
 .debug_frame   0x00001d00       0x20 c:/users/bence/.vscode/extensions/buzzyelectronics.stm-helper-1.3.0/armgcc/bin/../lib/gcc/arm-none-eabi/10.3.1/../../../../arm-none-eabi/lib/thumb/v7e-m+fp/hard\libc_nano.a(lib_a-memset.o)
 .debug_frame   0x00001d20       0x24 ./target/thumbv7em-none-eabihf/release/libCustom_HID_BaseCode.a(compiler_builtins-2dcd61298e9fcb4f.compiler_builtins.79ec0204f7605961-cgu.213.rcgu.o)
 .debug_frame   0x00001d44       0x30 ./target/thumbv7em-none-eabihf/release/libCustom_HID_BaseCode.a(compiler_builtins-2dcd61298e9fcb4f.compiler_builtins.79ec0204f7605961-cgu.142.rcgu.o)
 .debug_frame   0x00001d74       0x68 ./target/thumbv7em-none-eabihf/release/libCustom_HID_BaseCode.a(compiler_builtins-2dcd61298e9fcb4f.compiler_builtins.79ec0204f7605961-cgu.007.rcgu.o)

.debug_pubnames
                0x00000000      0x214
 .debug_pubnames
                0x00000000       0x45 ./target/thumbv7em-none-eabihf/release/libCustom_HID_BaseCode.a(compiler_builtins-2dcd61298e9fcb4f.compiler_builtins.79ec0204f7605961-cgu.213.rcgu.o)
 .debug_pubnames
                0x00000045       0x94 ./target/thumbv7em-none-eabihf/release/libCustom_HID_BaseCode.a(compiler_builtins-2dcd61298e9fcb4f.compiler_builtins.79ec0204f7605961-cgu.142.rcgu.o)
 .debug_pubnames
                0x000000d9      0x13b ./target/thumbv7em-none-eabihf/release/libCustom_HID_BaseCode.a(compiler_builtins-2dcd61298e9fcb4f.compiler_builtins.79ec0204f7605961-cgu.007.rcgu.o)

.debug_pubtypes
                0x00000000       0x48
 .debug_pubtypes
                0x00000000       0x12 ./target/thumbv7em-none-eabihf/release/libCustom_HID_BaseCode.a(compiler_builtins-2dcd61298e9fcb4f.compiler_builtins.79ec0204f7605961-cgu.213.rcgu.o)
 .debug_pubtypes
                0x00000012       0x24 ./target/thumbv7em-none-eabihf/release/libCustom_HID_BaseCode.a(compiler_builtins-2dcd61298e9fcb4f.compiler_builtins.79ec0204f7605961-cgu.142.rcgu.o)
 .debug_pubtypes
                0x00000036       0x12 ./target/thumbv7em-none-eabihf/release/libCustom_HID_BaseCode.a(compiler_builtins-2dcd61298e9fcb4f.compiler_builtins.79ec0204f7605961-cgu.007.rcgu.o)

Cross Reference Table

Symbol                                            File
ADC_IRQHandler                                    build/startup_stm32f412zx.o
AHBPrescTable                                     build/system_stm32f4xx.o
                                                  build/stm32f4xx_hal_rcc.o
APBPrescTable                                     build/system_stm32f4xx.o
                                                  build/stm32f4xx_hal_rcc.o
BusFault_Handler                                  build/stm32f4xx_it.o
CAN1_RX0_IRQHandler                               build/startup_stm32f412zx.o
CAN1_RX1_IRQHandler                               build/startup_stm32f412zx.o
CAN1_SCE_IRQHandler                               build/startup_stm32f412zx.o
CAN1_TX_IRQHandler                                build/startup_stm32f412zx.o
CAN2_RX0_IRQHandler                               build/startup_stm32f412zx.o
CAN2_RX1_IRQHandler                               build/startup_stm32f412zx.o
CAN2_SCE_IRQHandler                               build/startup_stm32f412zx.o
CAN2_TX_IRQHandler                                build/startup_stm32f412zx.o
DFSDM1_FLT0_IRQHandler                            build/startup_stm32f412zx.o
DFSDM1_FLT1_IRQHandler                            build/startup_stm32f412zx.o
DMA1_Stream0_IRQHandler                           build/startup_stm32f412zx.o
DMA1_Stream1_IRQHandler                           build/startup_stm32f412zx.o
DMA1_Stream2_IRQHandler                           build/startup_stm32f412zx.o
DMA1_Stream3_IRQHandler                           build/startup_stm32f412zx.o
DMA1_Stream4_IRQHandler                           build/startup_stm32f412zx.o
DMA1_Stream5_IRQHandler                           build/startup_stm32f412zx.o
DMA1_Stream6_IRQHandler                           build/startup_stm32f412zx.o
DMA1_Stream7_IRQHandler                           build/startup_stm32f412zx.o
DMA2_Stream0_IRQHandler                           build/startup_stm32f412zx.o
DMA2_Stream1_IRQHandler                           build/startup_stm32f412zx.o
DMA2_Stream2_IRQHandler                           build/startup_stm32f412zx.o
DMA2_Stream3_IRQHandler                           build/startup_stm32f412zx.o
DMA2_Stream4_IRQHandler                           build/startup_stm32f412zx.o
DMA2_Stream5_IRQHandler                           build/startup_stm32f412zx.o
DMA2_Stream6_IRQHandler                           build/startup_stm32f412zx.o
DMA2_Stream7_IRQHandler                           build/startup_stm32f412zx.o
Dataprovider                                      build/usbd_custom_hid_if.o
DebugMon_Handler                                  build/stm32f4xx_it.o
Default_Handler                                   build/startup_stm32f412zx.o
EXTI0_IRQHandler                                  build/startup_stm32f412zx.o
EXTI15_10_IRQHandler                              build/startup_stm32f412zx.o
EXTI1_IRQHandler                                  build/startup_stm32f412zx.o
EXTI2_IRQHandler                                  build/startup_stm32f412zx.o
EXTI3_IRQHandler                                  build/startup_stm32f412zx.o
EXTI4_IRQHandler                                  build/startup_stm32f412zx.o
EXTI9_5_IRQHandler                                build/startup_stm32f412zx.o
Error_Handler                                     build/main.o
                                                  build/usbd_conf.o
                                                  build/usb_device.o
FLASH_Erase_Sector                                build/stm32f4xx_hal_flash_ex.o
                                                  build/stm32f4xx_hal_flash.o
FLASH_FlushCaches                                 build/stm32f4xx_hal_flash_ex.o
                                                  build/stm32f4xx_hal_flash.o
FLASH_IRQHandler                                  build/startup_stm32f412zx.o
FLASH_WaitForLastOperation                        build/stm32f4xx_hal_flash.o
                                                  build/stm32f4xx_hal_flash_ex.o
FMPI2C1_ER_IRQHandler                             build/startup_stm32f412zx.o
FMPI2C1_EV_IRQHandler                             build/startup_stm32f412zx.o
FPU_IRQHandler                                    build/startup_stm32f412zx.o
FS_Desc                                           build/usbd_desc.o
                                                  build/usb_device.o
HAL_DBGMCU_DisableDBGSleepMode                    build/stm32f4xx_hal.o
HAL_DBGMCU_DisableDBGStandbyMode                  build/stm32f4xx_hal.o
HAL_DBGMCU_DisableDBGStopMode                     build/stm32f4xx_hal.o
HAL_DBGMCU_EnableDBGSleepMode                     build/stm32f4xx_hal.o
HAL_DBGMCU_EnableDBGStandbyMode                   build/stm32f4xx_hal.o
HAL_DBGMCU_EnableDBGStopMode                      build/stm32f4xx_hal.o
HAL_DMAEx_ChangeMemory                            build/stm32f4xx_hal_dma_ex.o
HAL_DMAEx_MultiBufferStart                        build/stm32f4xx_hal_dma_ex.o
HAL_DMAEx_MultiBufferStart_IT                     build/stm32f4xx_hal_dma_ex.o
HAL_DMA_Abort                                     build/stm32f4xx_hal_dma.o
HAL_DMA_Abort_IT                                  build/stm32f4xx_hal_dma.o
HAL_DMA_DeInit                                    build/stm32f4xx_hal_dma.o
HAL_DMA_GetError                                  build/stm32f4xx_hal_dma.o
HAL_DMA_GetState                                  build/stm32f4xx_hal_dma.o
HAL_DMA_IRQHandler                                build/stm32f4xx_hal_dma.o
HAL_DMA_Init                                      build/stm32f4xx_hal_dma.o
HAL_DMA_PollForTransfer                           build/stm32f4xx_hal_dma.o
HAL_DMA_RegisterCallback                          build/stm32f4xx_hal_dma.o
HAL_DMA_Start                                     build/stm32f4xx_hal_dma.o
HAL_DMA_Start_IT                                  build/stm32f4xx_hal_dma.o
HAL_DMA_UnRegisterCallback                        build/stm32f4xx_hal_dma.o
HAL_DeInit                                        build/stm32f4xx_hal.o
HAL_Delay                                         build/stm32f4xx_hal.o
                                                  build/stm32f4xx_ll_usb.o
                                                  build/stm32f4xx_hal_pcd_ex.o
                                                  build/usbd_conf.o
                                                  build/main.o
HAL_DisableCompensationCell                       build/stm32f4xx_hal.o
HAL_EXTI_ClearConfigLine                          build/stm32f4xx_hal_exti.o
HAL_EXTI_ClearPending                             build/stm32f4xx_hal_exti.o
HAL_EXTI_GenerateSWI                              build/stm32f4xx_hal_exti.o
HAL_EXTI_GetConfigLine                            build/stm32f4xx_hal_exti.o
HAL_EXTI_GetHandle                                build/stm32f4xx_hal_exti.o
HAL_EXTI_GetPending                               build/stm32f4xx_hal_exti.o
HAL_EXTI_IRQHandler                               build/stm32f4xx_hal_exti.o
HAL_EXTI_RegisterCallback                         build/stm32f4xx_hal_exti.o
HAL_EXTI_SetConfigLine                            build/stm32f4xx_hal_exti.o
HAL_EnableCompensationCell                        build/stm32f4xx_hal.o
HAL_FLASHEx_AdvOBGetConfig                        build/stm32f4xx_hal_flash_ex.o
HAL_FLASHEx_AdvOBProgram                          build/stm32f4xx_hal_flash_ex.o
HAL_FLASHEx_DisableFlashSleepMode                 build/stm32f4xx_hal_flash_ramfunc.o
HAL_FLASHEx_EnableFlashSleepMode                  build/stm32f4xx_hal_flash_ramfunc.o
HAL_FLASHEx_Erase                                 build/stm32f4xx_hal_flash_ex.o
HAL_FLASHEx_Erase_IT                              build/stm32f4xx_hal_flash_ex.o
HAL_FLASHEx_OBGetConfig                           build/stm32f4xx_hal_flash_ex.o
HAL_FLASHEx_OBProgram                             build/stm32f4xx_hal_flash_ex.o
HAL_FLASHEx_OB_DeSelectPCROP                      build/stm32f4xx_hal_flash_ex.o
HAL_FLASHEx_OB_SelectPCROP                        build/stm32f4xx_hal_flash_ex.o
HAL_FLASHEx_StartFlashInterfaceClk                build/stm32f4xx_hal_flash_ramfunc.o
HAL_FLASHEx_StopFlashInterfaceClk                 build/stm32f4xx_hal_flash_ramfunc.o
HAL_FLASH_EndOfOperationCallback                  build/stm32f4xx_hal_flash.o
HAL_FLASH_GetError                                build/stm32f4xx_hal_flash.o
HAL_FLASH_IRQHandler                              build/stm32f4xx_hal_flash.o
HAL_FLASH_Lock                                    build/stm32f4xx_hal_flash.o
HAL_FLASH_OB_Launch                               build/stm32f4xx_hal_flash.o
HAL_FLASH_OB_Lock                                 build/stm32f4xx_hal_flash.o
HAL_FLASH_OB_Unlock                               build/stm32f4xx_hal_flash.o
HAL_FLASH_OperationErrorCallback                  build/stm32f4xx_hal_flash.o
HAL_FLASH_Program                                 build/stm32f4xx_hal_flash.o
HAL_FLASH_Program_IT                              build/stm32f4xx_hal_flash.o
HAL_FLASH_Unlock                                  build/stm32f4xx_hal_flash.o
HAL_GPIO_DeInit                                   build/stm32f4xx_hal_gpio.o
                                                  build/usbd_conf.o
HAL_GPIO_EXTI_Callback                            build/stm32f4xx_hal_gpio.o
HAL_GPIO_EXTI_IRQHandler                          build/stm32f4xx_hal_gpio.o
HAL_GPIO_Init                                     build/stm32f4xx_hal_gpio.o
                                                  build/stm32f4xx_hal_rcc.o
                                                  build/usbd_conf.o
                                                  build/main.o
HAL_GPIO_LockPin                                  build/stm32f4xx_hal_gpio.o
HAL_GPIO_ReadPin                                  build/stm32f4xx_hal_gpio.o
                                                  build/main.o
HAL_GPIO_TogglePin                                build/stm32f4xx_hal_gpio.o
                                                  build/main.o
HAL_GPIO_WritePin                                 build/stm32f4xx_hal_gpio.o
                                                  build/main.o
HAL_GetDEVID                                      build/stm32f4xx_hal.o
HAL_GetHalVersion                                 build/stm32f4xx_hal.o
HAL_GetREVID                                      build/stm32f4xx_hal.o
HAL_GetTick                                       build/stm32f4xx_hal.o
                                                  build/stm32f4xx_hal_pwr_ex.o
                                                  build/stm32f4xx_hal_dma.o
                                                  build/stm32f4xx_hal_flash.o
                                                  build/stm32f4xx_hal_rcc_ex.o
                                                  build/stm32f4xx_hal_rcc.o
                                                  build/stm32f4xx_hal_pcd_ex.o
HAL_GetTickFreq                                   build/stm32f4xx_hal.o
HAL_GetTickPrio                                   build/stm32f4xx_hal.o
HAL_GetUIDw0                                      build/stm32f4xx_hal.o
HAL_GetUIDw1                                      build/stm32f4xx_hal.o
HAL_GetUIDw2                                      build/stm32f4xx_hal.o
HAL_IncTick                                       build/stm32f4xx_hal.o
                                                  build/stm32f4xx_it.o
HAL_Init                                          build/stm32f4xx_hal.o
                                                  build/main.o
HAL_InitTick                                      build/stm32f4xx_hal.o
                                                  build/stm32f4xx_hal_rcc_ex.o
                                                  build/stm32f4xx_hal_rcc.o
HAL_MPU_ConfigRegion                              build/stm32f4xx_hal_cortex.o
HAL_MPU_Disable                                   build/stm32f4xx_hal_cortex.o
HAL_MPU_Enable                                    build/stm32f4xx_hal_cortex.o
HAL_MspDeInit                                     build/stm32f4xx_hal.o
HAL_MspInit                                       build/stm32f4xx_hal_msp.o
HAL_NVIC_ClearPendingIRQ                          build/stm32f4xx_hal_cortex.o
HAL_NVIC_DisableIRQ                               build/stm32f4xx_hal_cortex.o
                                                  build/usbd_conf.o
HAL_NVIC_EnableIRQ                                build/stm32f4xx_hal_cortex.o
                                                  build/usbd_conf.o
HAL_NVIC_GetActive                                build/stm32f4xx_hal_cortex.o
HAL_NVIC_GetPendingIRQ                            build/stm32f4xx_hal_cortex.o
HAL_NVIC_GetPriority                              build/stm32f4xx_hal_cortex.o
HAL_NVIC_GetPriorityGrouping                      build/stm32f4xx_hal_cortex.o
HAL_NVIC_SetPendingIRQ                            build/stm32f4xx_hal_cortex.o
HAL_NVIC_SetPriority                              build/stm32f4xx_hal_cortex.o
                                                  build/stm32f4xx_hal.o
                                                  build/usbd_conf.o
HAL_NVIC_SetPriorityGrouping                      build/stm32f4xx_hal_cortex.o
                                                  build/stm32f4xx_hal.o
HAL_NVIC_SystemReset                              build/stm32f4xx_hal_cortex.o
HAL_PCDEx_ActivateBCD                             build/stm32f4xx_hal_pcd_ex.o
HAL_PCDEx_ActivateLPM                             build/stm32f4xx_hal_pcd_ex.o
                                                  build/stm32f4xx_hal_pcd.o
HAL_PCDEx_BCD_Callback                            build/stm32f4xx_hal_pcd_ex.o
HAL_PCDEx_BCD_VBUSDetect                          build/stm32f4xx_hal_pcd_ex.o
HAL_PCDEx_DeActivateBCD                           build/stm32f4xx_hal_pcd_ex.o
HAL_PCDEx_DeActivateLPM                           build/stm32f4xx_hal_pcd_ex.o
HAL_PCDEx_LPM_Callback                            build/usbd_conf.o
                                                  build/stm32f4xx_hal_pcd.o
HAL_PCDEx_SetRxFiFo                               build/stm32f4xx_hal_pcd_ex.o
                                                  build/usbd_conf.o
HAL_PCDEx_SetTxFiFo                               build/stm32f4xx_hal_pcd_ex.o
                                                  build/usbd_conf.o
HAL_PCD_ActivateRemoteWakeup                      build/stm32f4xx_hal_pcd.o
HAL_PCD_ConnectCallback                           build/usbd_conf.o
HAL_PCD_DataInStageCallback                       build/usbd_conf.o
HAL_PCD_DataOutStageCallback                      build/usbd_conf.o
HAL_PCD_DeActivateRemoteWakeup                    build/stm32f4xx_hal_pcd.o
HAL_PCD_DeInit                                    build/stm32f4xx_hal_pcd.o
                                                  build/usbd_conf.o
HAL_PCD_DevConnect                                build/stm32f4xx_hal_pcd.o
HAL_PCD_DevDisconnect                             build/stm32f4xx_hal_pcd.o
HAL_PCD_DisconnectCallback                        build/usbd_conf.o
HAL_PCD_EP_Abort                                  build/stm32f4xx_hal_pcd.o
HAL_PCD_EP_Close                                  build/stm32f4xx_hal_pcd.o
                                                  build/usbd_conf.o
HAL_PCD_EP_ClrStall                               build/stm32f4xx_hal_pcd.o
                                                  build/usbd_conf.o
HAL_PCD_EP_Flush                                  build/stm32f4xx_hal_pcd.o
                                                  build/usbd_conf.o
HAL_PCD_EP_GetRxCount                             build/stm32f4xx_hal_pcd.o
                                                  build/usbd_conf.o
HAL_PCD_EP_Open                                   build/stm32f4xx_hal_pcd.o
                                                  build/usbd_conf.o
HAL_PCD_EP_Receive                                build/stm32f4xx_hal_pcd.o
                                                  build/usbd_conf.o
HAL_PCD_EP_SetStall                               build/stm32f4xx_hal_pcd.o
                                                  build/usbd_conf.o
HAL_PCD_EP_Transmit                               build/stm32f4xx_hal_pcd.o
                                                  build/usbd_conf.o
HAL_PCD_GetState                                  build/stm32f4xx_hal_pcd.o
HAL_PCD_IRQHandler                                build/stm32f4xx_hal_pcd.o
                                                  build/stm32f4xx_it.o
HAL_PCD_ISOINIncompleteCallback                   build/usbd_conf.o
HAL_PCD_ISOOUTIncompleteCallback                  build/usbd_conf.o
HAL_PCD_Init                                      build/stm32f4xx_hal_pcd.o
                                                  build/usbd_conf.o
HAL_PCD_MspDeInit                                 build/usbd_conf.o
HAL_PCD_MspInit                                   build/usbd_conf.o
HAL_PCD_ResetCallback                             build/usbd_conf.o
HAL_PCD_ResumeCallback                            build/usbd_conf.o
HAL_PCD_SOFCallback                               build/usbd_conf.o
HAL_PCD_SetAddress                                build/stm32f4xx_hal_pcd.o
                                                  build/usbd_conf.o
HAL_PCD_SetTestMode                               build/stm32f4xx_hal_pcd.o
HAL_PCD_SetupStageCallback                        build/usbd_conf.o
HAL_PCD_Start                                     build/stm32f4xx_hal_pcd.o
                                                  build/usbd_conf.o
HAL_PCD_Stop                                      build/stm32f4xx_hal_pcd.o
                                                  build/usbd_conf.o
HAL_PCD_SuspendCallback                           build/usbd_conf.o
HAL_PCD_WKUP_IRQHandler                           build/stm32f4xx_hal_pcd.o
HAL_PWREx_ControlVoltageScaling                   build/stm32f4xx_hal_pwr_ex.o
HAL_PWREx_DisableBkUpReg                          build/stm32f4xx_hal_pwr_ex.o
HAL_PWREx_DisableFlashPowerDown                   build/stm32f4xx_hal_pwr_ex.o
HAL_PWREx_DisableLowRegulatorLowVoltage           build/stm32f4xx_hal_pwr_ex.o
HAL_PWREx_DisableMainRegulatorLowVoltage          build/stm32f4xx_hal_pwr_ex.o
HAL_PWREx_EnableBkUpReg                           build/stm32f4xx_hal_pwr_ex.o
HAL_PWREx_EnableFlashPowerDown                    build/stm32f4xx_hal_pwr_ex.o
HAL_PWREx_EnableLowRegulatorLowVoltage            build/stm32f4xx_hal_pwr_ex.o
HAL_PWREx_EnableMainRegulatorLowVoltage           build/stm32f4xx_hal_pwr_ex.o
HAL_PWREx_GetVoltageRange                         build/stm32f4xx_hal_pwr_ex.o
HAL_PWR_ConfigPVD                                 build/stm32f4xx_hal_pwr.o
HAL_PWR_DeInit                                    build/stm32f4xx_hal_pwr.o
HAL_PWR_DisableBkUpAccess                         build/stm32f4xx_hal_pwr.o
HAL_PWR_DisablePVD                                build/stm32f4xx_hal_pwr.o
HAL_PWR_DisableSEVOnPend                          build/stm32f4xx_hal_pwr.o
HAL_PWR_DisableSleepOnExit                        build/stm32f4xx_hal_pwr.o
HAL_PWR_DisableWakeUpPin                          build/stm32f4xx_hal_pwr.o
HAL_PWR_EnableBkUpAccess                          build/stm32f4xx_hal_pwr.o
HAL_PWR_EnablePVD                                 build/stm32f4xx_hal_pwr.o
HAL_PWR_EnableSEVOnPend                           build/stm32f4xx_hal_pwr.o
HAL_PWR_EnableSleepOnExit                         build/stm32f4xx_hal_pwr.o
HAL_PWR_EnableWakeUpPin                           build/stm32f4xx_hal_pwr.o
HAL_PWR_EnterSLEEPMode                            build/stm32f4xx_hal_pwr.o
HAL_PWR_EnterSTANDBYMode                          build/stm32f4xx_hal_pwr.o
HAL_PWR_EnterSTOPMode                             build/stm32f4xx_hal_pwr.o
HAL_PWR_PVDCallback                               build/stm32f4xx_hal_pwr.o
HAL_PWR_PVD_IRQHandler                            build/stm32f4xx_hal_pwr.o
HAL_RCCEx_DisablePLLI2S                           build/stm32f4xx_hal_rcc_ex.o
HAL_RCCEx_EnablePLLI2S                            build/stm32f4xx_hal_rcc_ex.o
HAL_RCCEx_GetPeriphCLKConfig                      build/stm32f4xx_hal_rcc_ex.o
HAL_RCCEx_GetPeriphCLKFreq                        build/stm32f4xx_hal_rcc_ex.o
HAL_RCCEx_PeriphCLKConfig                         build/stm32f4xx_hal_rcc_ex.o
                                                  build/usbd_conf.o
HAL_RCCEx_SelectLSEMode                           build/stm32f4xx_hal_rcc_ex.o
HAL_RCC_CSSCallback                               build/stm32f4xx_hal_rcc.o
HAL_RCC_ClockConfig                               build/stm32f4xx_hal_rcc.o
                                                  build/main.o
HAL_RCC_DeInit                                    build/stm32f4xx_hal_rcc_ex.o
                                                  build/stm32f4xx_hal_rcc.o
HAL_RCC_DisableCSS                                build/stm32f4xx_hal_rcc.o
HAL_RCC_EnableCSS                                 build/stm32f4xx_hal_rcc.o
HAL_RCC_GetClockConfig                            build/stm32f4xx_hal_rcc.o
HAL_RCC_GetHCLKFreq                               build/stm32f4xx_hal_rcc.o
                                                  build/stm32f4xx_hal_pcd.o
HAL_RCC_GetOscConfig                              build/stm32f4xx_hal_rcc_ex.o
                                                  build/stm32f4xx_hal_rcc.o
HAL_RCC_GetPCLK1Freq                              build/stm32f4xx_hal_rcc.o
HAL_RCC_GetPCLK2Freq                              build/stm32f4xx_hal_rcc.o
HAL_RCC_GetSysClockFreq                           build/stm32f4xx_hal_rcc.o
HAL_RCC_MCOConfig                                 build/stm32f4xx_hal_rcc.o
HAL_RCC_NMI_IRQHandler                            build/stm32f4xx_hal_rcc.o
HAL_RCC_OscConfig                                 build/stm32f4xx_hal_rcc_ex.o
                                                  build/stm32f4xx_hal_rcc.o
                                                  build/main.o
HAL_ResumeTick                                    build/stm32f4xx_hal.o
HAL_SYSTICK_CLKSourceConfig                       build/stm32f4xx_hal_cortex.o
HAL_SYSTICK_Callback                              build/stm32f4xx_hal_cortex.o
HAL_SYSTICK_Config                                build/stm32f4xx_hal_cortex.o
                                                  build/stm32f4xx_hal.o
HAL_SYSTICK_IRQHandler                            build/stm32f4xx_hal_cortex.o
HAL_SetTickFreq                                   build/stm32f4xx_hal.o